Archive member included to satisfy reference by file (symbol)

C:/MaximSDK/Libraries/PeriphDrivers/bin/MAX78000/spi-v1_softfp/libPeriphDriver_spi-v1_softfp.a(mxc_delay.o)
                              C:/MaximSDK/Examples/MAX78000/CNN/eyes/build/main.o (MXC_Delay)
C:/MaximSDK/Libraries/PeriphDrivers/bin/MAX78000/spi-v1_softfp/libPeriphDriver_spi-v1_softfp.a(nvic_table.o)
                              C:/MaximSDK/Examples/MAX78000/CNN/eyes/build/cnn.o (MXC_NVIC_SetVector)
C:/MaximSDK/Libraries/PeriphDrivers/bin/MAX78000/spi-v1_softfp/libPeriphDriver_spi-v1_softfp.a(pins_ai85.o)
                              C:/MaximSDK/Examples/MAX78000/CNN/eyes/build/camera.o (gpio_cfg_pcif_xclk)
C:/MaximSDK/Libraries/PeriphDrivers/bin/MAX78000/spi-v1_softfp/libPeriphDriver_spi-v1_softfp.a(sys_ai85.o)
                              C:/MaximSDK/Examples/MAX78000/CNN/eyes/build/cnn.o (MXC_SYS_ClockDisable)
C:/MaximSDK/Libraries/PeriphDrivers/bin/MAX78000/spi-v1_softfp/libPeriphDriver_spi-v1_softfp.a(aes_me17.o)
                              C:/MaximSDK/Libraries/PeriphDrivers/bin/MAX78000/spi-v1_softfp/libPeriphDriver_spi-v1_softfp.a(sys_ai85.o) (MXC_AES_Init)
C:/MaximSDK/Libraries/PeriphDrivers/bin/MAX78000/spi-v1_softfp/libPeriphDriver_spi-v1_softfp.a(aes_revb.o)
                              C:/MaximSDK/Libraries/PeriphDrivers/bin/MAX78000/spi-v1_softfp/libPeriphDriver_spi-v1_softfp.a(aes_me17.o) (MXC_AES_RevB_IsBusy)
C:/MaximSDK/Libraries/PeriphDrivers/bin/MAX78000/spi-v1_softfp/libPeriphDriver_spi-v1_softfp.a(cameraif_ai85.o)
                              C:/MaximSDK/Examples/MAX78000/CNN/eyes/build/camera.o (MXC_PCIF_Init)
C:/MaximSDK/Libraries/PeriphDrivers/bin/MAX78000/spi-v1_softfp/libPeriphDriver_spi-v1_softfp.a(cameraif_reva.o)
                              C:/MaximSDK/Libraries/PeriphDrivers/bin/MAX78000/spi-v1_softfp/libPeriphDriver_spi-v1_softfp.a(cameraif_ai85.o) (MXC_PCIF_RevA_SetDatawidth)
C:/MaximSDK/Libraries/PeriphDrivers/bin/MAX78000/spi-v1_softfp/libPeriphDriver_spi-v1_softfp.a(dma_me17.o)
                              C:/MaximSDK/Examples/MAX78000/CNN/eyes/build/main.o (MXC_DMA_Init)
C:/MaximSDK/Libraries/PeriphDrivers/bin/MAX78000/spi-v1_softfp/libPeriphDriver_spi-v1_softfp.a(dma_reva.o)
                              C:/MaximSDK/Libraries/PeriphDrivers/bin/MAX78000/spi-v1_softfp/libPeriphDriver_spi-v1_softfp.a(dma_me17.o) (MXC_DMA_RevA_Init)
C:/MaximSDK/Libraries/PeriphDrivers/bin/MAX78000/spi-v1_softfp/libPeriphDriver_spi-v1_softfp.a(flc_me17.o)
                              C:/MaximSDK/Libraries/PeriphDrivers/bin/MAX78000/spi-v1_softfp/libPeriphDriver_spi-v1_softfp.a(sys_ai85.o) (MXC_FLC_UnlockInfoBlock)
C:/MaximSDK/Libraries/PeriphDrivers/bin/MAX78000/spi-v1_softfp/libPeriphDriver_spi-v1_softfp.a(flc_reva.o)
                              C:/MaximSDK/Libraries/PeriphDrivers/bin/MAX78000/spi-v1_softfp/libPeriphDriver_spi-v1_softfp.a(flc_me17.o) (MXC_FLC_RevA_Busy)
C:/MaximSDK/Libraries/PeriphDrivers/bin/MAX78000/spi-v1_softfp/libPeriphDriver_spi-v1_softfp.a(gpio_ai85.o)
                              C:/MaximSDK/Examples/MAX78000/CNN/eyes/build/pb.o (MXC_GPIO_InGet)
C:/MaximSDK/Libraries/PeriphDrivers/bin/MAX78000/spi-v1_softfp/libPeriphDriver_spi-v1_softfp.a(gpio_reva.o)
                              C:/MaximSDK/Libraries/PeriphDrivers/bin/MAX78000/spi-v1_softfp/libPeriphDriver_spi-v1_softfp.a(gpio_ai85.o) (MXC_GPIO_RevA_InGet)
C:/MaximSDK/Libraries/PeriphDrivers/bin/MAX78000/spi-v1_softfp/libPeriphDriver_spi-v1_softfp.a(icc_me17.o)
                              C:/MaximSDK/Examples/MAX78000/CNN/eyes/build/main.o (MXC_ICC_Enable)
C:/MaximSDK/Libraries/PeriphDrivers/bin/MAX78000/spi-v1_softfp/libPeriphDriver_spi-v1_softfp.a(icc_reva.o)
                              C:/MaximSDK/Libraries/PeriphDrivers/bin/MAX78000/spi-v1_softfp/libPeriphDriver_spi-v1_softfp.a(icc_me17.o) (MXC_ICC_RevA_ID)
C:/MaximSDK/Libraries/PeriphDrivers/bin/MAX78000/spi-v1_softfp/libPeriphDriver_spi-v1_softfp.a(pt_ai85.o)
                              C:/MaximSDK/Examples/MAX78000/CNN/eyes/build/camera.o (MXC_PT_Init)
C:/MaximSDK/Libraries/PeriphDrivers/bin/MAX78000/spi-v1_softfp/libPeriphDriver_spi-v1_softfp.a(pt_reva.o)
                              C:/MaximSDK/Libraries/PeriphDrivers/bin/MAX78000/spi-v1_softfp/libPeriphDriver_spi-v1_softfp.a(pt_ai85.o) (MXC_PT_RevA_Init)
C:/MaximSDK/Libraries/PeriphDrivers/bin/MAX78000/spi-v1_softfp/libPeriphDriver_spi-v1_softfp.a(spi_me17.o)
                              C:/MaximSDK/Examples/MAX78000/CNN/eyes/build/board.o (MXC_SPI_Init)
C:/MaximSDK/Libraries/PeriphDrivers/bin/MAX78000/spi-v1_softfp/libPeriphDriver_spi-v1_softfp.a(spi_reva1.o)
                              C:/MaximSDK/Libraries/PeriphDrivers/bin/MAX78000/spi-v1_softfp/libPeriphDriver_spi-v1_softfp.a(spi_me17.o) (MXC_SPI_RevA1_Init)
C:/MaximSDK/Libraries/PeriphDrivers/bin/MAX78000/spi-v1_softfp/libPeriphDriver_spi-v1_softfp.a(trng_revb.o)
[...]
Memory Configuration

Name             Origin             Length             Attributes
ROM              0x00000000         0x00010000         xr
FLASH            0x10000000         0x00080000         xr
SRAM             0x20000000         0x00020000         xrw
*default*        0x00000000         0xffffffff

Linker script and memory map

LOAD C:/Program Files (x86)/Arm GNU Toolchain arm-none-eabi/14.3 rel1/bin/../lib/gcc/arm-none-eabi/14.3.1/thumb/v7e-m+fp/softfp/crti.o
LOAD C:/Program Files (x86)/Arm GNU Toolchain arm-none-eabi/14.3 rel1/bin/../lib/gcc/arm-none-eabi/14.3.1/thumb/v7e-m+fp/softfp/crtbegin.o
LOAD C:/Program Files (x86)/Arm GNU Toolchain arm-none-eabi/14.3 rel1/bin/../lib/gcc/arm-none-eabi/14.3.1/../../../../arm-none-eabi/lib/thumb/v7e-m+fp/softfp/crt0.o
LOAD C:/MaximSDK/Examples/MAX78000/CNN/eyes/build/cnn.o
LOAD C:/MaximSDK/Examples/MAX78000/CNN/eyes/build/main.o
LOAD C:/MaximSDK/Examples/MAX78000/CNN/eyes/build/softmax.o
LOAD C:/MaximSDK/Examples/MAX78000/CNN/eyes/build/board.o
LOAD C:/MaximSDK/Examples/MAX78000/CNN/eyes/build/stdio.o
LOAD C:/MaximSDK/Examples/MAX78000/CNN/eyes/build/led.o
LOAD C:/MaximSDK/Examples/MAX78000/CNN/eyes/build/pb.o
LOAD C:/MaximSDK/Examples/MAX78000/CNN/eyes/build/tft_ssd2119.o
LOAD C:/MaximSDK/Examples/MAX78000/CNN/eyes/build/tsc2046.o
LOAD C:/MaximSDK/Examples/MAX78000/CNN/eyes/build/camera.o
LOAD C:/MaximSDK/Examples/MAX78000/CNN/eyes/build/ov7692.o
LOAD C:/MaximSDK/Examples/MAX78000/CNN/eyes/build/sccb.o
LOAD C:/MaximSDK/Examples/MAX78000/CNN/eyes/build/startup_max78000.o
LOAD C:/MaximSDK/Examples/MAX78000/CNN/eyes/build/heap.o
LOAD C:/MaximSDK/Examples/MAX78000/CNN/eyes/build/system_max78000.o
START GROUP
LOAD C:/MaximSDK/Libraries/PeriphDrivers/bin/MAX78000/spi-v1_softfp/libPeriphDriver_spi-v1_softfp.a
LOAD C:/Program Files (x86)/Arm GNU Toolchain arm-none-eabi/14.3 rel1/bin/../lib/gcc/arm-none-eabi/14.3.1/../../../../arm-none-eabi/lib/thumb/v7e-m+fp/softfp\libc.a
LOAD C:/Program Files (x86)/Arm GNU Toolchain arm-none-eabi/14.3 rel1/bin/../lib/gcc/arm-none-eabi/14.3.1/../../../../arm-none-eabi/lib/thumb/v7e-m+fp/softfp\libm.a
LOAD C:/Program Files (x86)/Arm GNU Toolchain arm-none-eabi/14.3 rel1/bin/../lib/gcc/arm-none-eabi/14.3.1/../../../../arm-none-eabi/lib/thumb/v7e-m+fp/softfp\libnosys.a
END GROUP
START GROUP
LOAD C:/Program Files (x86)/Arm GNU Toolchain arm-none-eabi/14.3 rel1/bin/../lib/gcc/arm-none-eabi/14.3.1/thumb/v7e-m+fp/softfp\libgcc.a
LOAD C:/Program Files (x86)/Arm GNU Toolchain arm-none-eabi/14.3 rel1/bin/../lib/gcc/arm-none-eabi/14.3.1/../../../../arm-none-eabi/lib/thumb/v7e-m+fp/softfp\libc.a
END GROUP
LOAD C:/Program Files (x86)/Arm GNU Toolchain arm-none-eabi/14.3 rel1/bin/../lib/gcc/arm-none-eabi/14.3.1/thumb/v7e-m+fp/softfp/crtend.o
LOAD C:/Program Files (x86)/Arm GNU Toolchain arm-none-eabi/14.3 rel1/bin/../lib/gcc/arm-none-eabi/14.3.1/thumb/v7e-m+fp/softfp/crtn.o

.rom
 *(.rom_vector)
 *(.rom_handlers*)

.text           0x10000000    0x1db00
                0x10000000                        _text = .
 *(.isr_vector)
 .isr_vector    0x10000000      0x1e0 C:/MaximSDK/Examples/MAX78000/CNN/eyes/build/startup_max78000.o
                0x10000000                __isr_vector
 EXCLUDE_FILE(*riscv.o) *(.text*)
 .text.deregister_tm_clones
                0x100001e0       0x1c C:/Program Files (x86)/Arm GNU Toolchain arm-none-eabi/14.3 rel1/bin/../lib/gcc/arm-none-eabi/14.3.1/thumb/v7e-m+fp/softfp/crtbegin.o
 .text.register_tm_clones
                0x100001fc       0x24 C:/Program Files (x86)/Arm GNU Toolchain arm-none-eabi/14.3 rel1/bin/../lib/gcc/arm-none-eabi/14.3.1/thumb/v7e-m+fp/softfp/crtbegin.o
 .text.__do_global_dtors_aux
                0x10000220       0x28 C:/Program Files (x86)/Arm GNU Toolchain arm-none-eabi/14.3 rel1/bin/../lib/gcc/arm-none-eabi/14.3.1/thumb/v7e-m+fp/softfp/crtbegin.o
 .text.frame_dummy
                0x10000248       0x24 C:/Program Files (x86)/Arm GNU Toolchain arm-none-eabi/14.3 rel1/bin/../lib/gcc/arm-none-eabi/14.3.1/thumb/v7e-m+fp/softfp/crtbegin.o
 .text.CNN_ISR  0x1000026c       0x50 C:/MaximSDK/Examples/MAX78000/CNN/eyes/build/cnn.o
                0x1000026c                CNN_ISR
 .text.cnn_load_weights
                0x100002bc       0x50 C:/MaximSDK/Examples/MAX78000/CNN/eyes/build/cnn.o
                0x100002bc                cnn_load_weights
 .text.cnn_load_bias
                0x1000030c       0x14 C:/MaximSDK/Examples/MAX78000/CNN/eyes/build/cnn.o
                0x1000030c                cnn_load_bias
 .text.cnn_init
                0x10000320       0x54 C:/MaximSDK/Examples/MAX78000/CNN/eyes/build/cnn.o
                0x10000320                cnn_init
 .text.cnn_configure
                0x10000374      0x7d4 C:/MaximSDK/Examples/MAX78000/CNN/eyes/build/cnn.o
                0x10000374                cnn_configure
 .text.cnn_start
                0x10000b48       0x50 C:/MaximSDK/Examples/MAX78000/CNN/eyes/build/cnn.o
                0x10000b48                cnn_start
 .text.cnn_unload
                0x10000b98       0x14 C:/MaximSDK/Examples/MAX78000/CNN/eyes/build/cnn.o
                0x10000b98                cnn_unload
 .text.cnn_enable
                0x10000bac       0x3c C:/MaximSDK/Examples/MAX78000/CNN/eyes/build/cnn.o
                0x10000bac                cnn_enable
 .text.capture_process_camera
                0x10000be8       0xdc C:/MaximSDK/Examples/MAX78000/CNN/eyes/build/main.o
                0x10000be8                capture_process_camera
 .text.startup.main
                0x10000cc4      0x17c C:/MaximSDK/Examples/MAX78000/CNN/eyes/build/main.o
                0x10000cc4                main
 .text.softmax_q17p14_q15
                0x10000e40       0xb0 C:/MaximSDK/Examples/MAX78000/CNN/eyes/build/softmax.o
                0x10000e40                softmax_q17p14_q15
 .text.mxc_assert
                0x10000ef0       0x10 C:/MaximSDK/Examples/MAX78000/CNN/eyes/build/board.o
                0x10000ef0                mxc_assert
 .text.GPIO2_IRQHandler
                0x10000f00        0x8 C:/MaximSDK/Examples/MAX78000/CNN/eyes/build/board.o
                0x10000f00                GPIO2_IRQHandler
 .text.GPIO0_IRQHandler
                0x10000f08        0x8 C:/MaximSDK/Examples/MAX78000/CNN/eyes/build/board.o
                0x10000f08                GPIO0_IRQHandler
 .text.Board_Init
                0x10000f10       0xec C:/MaximSDK/Examples/MAX78000/CNN/eyes/build/board.o
                0x10000f10                Board_Init
 .text.NMI_Handler
                0x10000ffc        0x4 C:/MaximSDK/Examples/MAX78000/CNN/eyes/build/board.o
                0x10000ffc                NMI_Handler
 .text.Camera_Power
                0x10001000        0x8 C:/MaximSDK/Examples/MAX78000/CNN/eyes/build/board.o
                0x10001000                Camera_Power
 .text._close   0x10001008        0x8 C:/MaximSDK/Examples/MAX78000/CNN/eyes/build/stdio.o
                0x10001008                _close
 .text._isatty  0x10001010        0x8 C:/MaximSDK/Examples/MAX78000/CNN/eyes/build/stdio.o
                0x10001010                _isatty
 .text._lseek   0x10001018        0x8 C:/MaximSDK/Examples/MAX78000/CNN/eyes/build/stdio.o
                0x10001018                _lseek
 .text._fstat   0x10001020        0x8 C:/MaximSDK/Examples/MAX78000/CNN/eyes/build/stdio.o
                0x10001020                _fstat
 .text._read    0x10001028       0x50 C:/MaximSDK/Examples/MAX78000/CNN/eyes/build/stdio.o
                0x10001028                _read
 .text._write   0x10001078       0x54 C:/MaximSDK/Examples/MAX78000/CNN/eyes/build/stdio.o
                0x10001078                _write
 .text.LED_Init
                0x100010cc       0x40 C:/MaximSDK/Examples/MAX78000/CNN/eyes/build/led.o
                0x100010cc                LED_Init
 .text.LED_On   0x1000110c       0x40 C:/MaximSDK/Examples/MAX78000/CNN/eyes/build/led.o
                0x1000110c                LED_On
 .text.LED_Off  0x1000114c       0x40 C:/MaximSDK/Examples/MAX78000/CNN/eyes/build/led.o
                0x1000114c                LED_Off
 .text.PB_Init  0x1000118c       0x60 C:/MaximSDK/Examples/MAX78000/CNN/eyes/build/pb.o
                0x1000118c                PB_Init
 .text.PB_Get   0x100011ec       0x50 C:/MaximSDK/Examples/MAX78000/CNN/eyes/build/pb.o
                0x100011ec                PB_Get
 .text.MXC_TFT_PreInit
                0x1000123c       0x74 C:/MaximSDK/Examples/MAX78000/CNN/eyes/build/tft_ssd2119.o
                0x1000123c                MXC_TFT_PreInit
 .text.MXC_TS_PreInit
                0x100012b0       0x40 C:/MaximSDK/Examples/MAX78000/CNN/eyes/build/tsc2046.o
                0x100012b0                MXC_TS_PreInit
 .text.camera_irq_handler
                0x100012f0      0x158 C:/MaximSDK/Examples/MAX78000/CNN/eyes/build/camera.o
                0x100012f0                camera_irq_handler
 .text.stream_callback
                0x10001448       0xa0 C:/MaximSDK/Examples/MAX78000/CNN/eyes/build/camera.o
 .text.setup_dma
                0x100014e8       0x94 C:/MaximSDK/Examples/MAX78000/CNN/eyes/build/camera.o
 .text.stream_irq_handler
                0x1000157c        0x4 C:/MaximSDK/Examples/MAX78000/CNN/eyes/build/camera.o
                0x1000157c                stream_irq_handler
 .text.camera_init
                0x10001580      0x130 C:/MaximSDK/Examples/MAX78000/CNN/eyes/build/camera.o
                0x10001580                camera_init
 .text.camera_setup
                0x100016b0      0x230 C:/MaximSDK/Examples/MAX78000/CNN/eyes/build/camera.o
                0x100016b0                camera_setup
 .text.camera_start_capture_image
                0x100018e0       0x3c C:/MaximSDK/Examples/MAX78000/CNN/eyes/build/camera.o
                0x100018e0                camera_start_capture_image
 .text.camera_is_image_rcv
                0x1000191c       0x10 C:/MaximSDK/Examples/MAX78000/CNN/eyes/build/camera.o
                0x1000191c                camera_is_image_rcv
 .text.camera_get_image
                0x1000192c       0x3c C:/MaximSDK/Examples/MAX78000/CNN/eyes/build/camera.o
                0x1000192c                camera_get_image
 .text.get_camera_stream_buffer
                0x10001968        0xc C:/MaximSDK/Examples/MAX78000/CNN/eyes/build/camera.o
                0x10001968                get_camera_stream_buffer
 .text.release_camera_stream_buffer
                0x10001974        0xc C:/MaximSDK/Examples/MAX78000/CNN/eyes/build/camera.o
                0x10001974                release_camera_stream_buffer
 .text.init     0x10001980       0x10 C:/MaximSDK/Examples/MAX78000/CNN/eyes/build/ov7692.o
 .text.get_slave_address
                0x10001990        0xc C:/MaximSDK/Examples/MAX78000/CNN/eyes/build/ov7692.o
 .text.get_pixformat
                0x1000199c       0x10 C:/MaximSDK/Examples/MAX78000/CNN/eyes/build/ov7692.o
 .text.set_saturation
                0x100019ac        0x4 C:/MaximSDK/Examples/MAX78000/CNN/eyes/build/ov7692.o
 .text.get_luminance
                0x100019b0       0x60 C:/MaximSDK/Examples/MAX78000/CNN/eyes/build/ov7692.o
 .text.read_reg
                0x10001a10       0x20 C:/MaximSDK/Examples/MAX78000/CNN/eyes/build/ov7692.o
 .text.get_manufacture_id
                0x10001a30       0x3c C:/MaximSDK/Examples/MAX78000/CNN/eyes/build/ov7692.o
 .text.get_product_id
                0x10001a6c       0x3c C:/MaximSDK/Examples/MAX78000/CNN/eyes/build/ov7692.o
 .text.set_negateimage
                0x10001aa8       0x64 C:/MaximSDK/Examples/MAX78000/CNN/eyes/build/ov7692.o
 .text.set_vflip
                0x10001b0c       0x3c C:/MaximSDK/Examples/MAX78000/CNN/eyes/build/ov7692.o
 .text.set_hmirror
                0x10001b48       0x3c C:/MaximSDK/Examples/MAX78000/CNN/eyes/build/ov7692.o
 .text.set_colorbar
                0x10001b84       0x3c C:/MaximSDK/Examples/MAX78000/CNN/eyes/build/ov7692.o
 .text.set_gainceiling
                0x10001bc0       0xa0 C:/MaximSDK/Examples/MAX78000/CNN/eyes/build/ov7692.o
 .text.set_brightness
                0x10001c60       0xa8 C:/MaximSDK/Examples/MAX78000/CNN/eyes/build/ov7692.o
 .text.set_contrast
                0x10001d08       0xa0 C:/MaximSDK/Examples/MAX78000/CNN/eyes/build/ov7692.o
 .text.set_windowing
                0x10001da8       0xf8 C:/MaximSDK/Examples/MAX78000/CNN/eyes/build/ov7692.o
 .text.set_framesize
                0x10001ea0       0xb0 C:/MaximSDK/Examples/MAX78000/CNN/eyes/build/ov7692.o
 .text.set_pixformat
                0x10001f50       0x54 C:/MaximSDK/Examples/MAX78000/CNN/eyes/build/ov7692.o
 .text.write_reg
                0x10001fa4       0x18 C:/MaximSDK/Examples/MAX78000/CNN/eyes/build/ov7692.o
 .text.sleep    0x10001fbc       0x3c C:/MaximSDK/Examples/MAX78000/CNN/eyes/build/ov7692.o
 .text.reset    0x10001ff8       0x60 C:/MaximSDK/Examples/MAX78000/CNN/eyes/build/ov7692.o
 .text.dump_registers
                0x10002058       0x8c C:/MaximSDK/Examples/MAX78000/CNN/eyes/build/ov7692.o
 .text.sensor_register
                0x100020e4       0xbc C:/MaximSDK/Examples/MAX78000/CNN/eyes/build/ov7692.o
                0x100020e4                sensor_register
 .text.send_byte
                0x100021a0       0x68 C:/MaximSDK/Examples/MAX78000/CNN/eyes/build/sccb.o
 .text.get_byte
                0x10002208       0x50 C:/MaximSDK/Examples/MAX78000/CNN/eyes/build/sccb.o
 .text.sccb_init
                0x10002258       0x30 C:/MaximSDK/Examples/MAX78000/CNN/eyes/build/sccb.o
                0x10002258                sccb_init
 .text.sccb_read_byt
                0x10002288      0x110 C:/MaximSDK/Examples/MAX78000/CNN/eyes/build/sccb.o
                0x10002288                sccb_read_byt
 .text.sccb_write_byt
                0x10002398       0xa8 C:/MaximSDK/Examples/MAX78000/CNN/eyes/build/sccb.o
                0x10002398                sccb_write_byt
 .text          0x10002440      0x148 C:/MaximSDK/Examples/MAX78000/CNN/eyes/build/startup_max78000.o
                0x10002440                Reset_Handler
                0x1000247e                HardFault_Handler
                0x10002480                MemManage_Handler
                0x10002482                BusFault_Handler
                0x10002484                UsageFault_Handler
                0x10002486                SVC_Handler
                0x10002488                DebugMon_Handler
                0x1000248a                PendSV_Handler
                0x1000248c                SysTick_Handler
                0x1000248e                Default_Handler
                0x10002490                PF_IRQHandler
                0x10002492                WDT0_IRQHandler
                0x10002494                RSV02_IRQHandler
                0x10002496                RTC_IRQHandler
                0x10002498                TRNG_IRQHandler
                0x1000249a                TMR0_IRQHandler
                0x1000249c                TMR1_IRQHandler
                0x1000249e                TMR2_IRQHandler
                0x100024a0                TMR3_IRQHandler
                0x100024a2                TMR4_IRQHandler
                0x100024a4                TMR5_IRQHandler
                0x100024a6                RSV11_IRQHandler
                0x100024a8                RSV12_IRQHandler
                0x100024aa                I2C0_IRQHandler
                0x100024ac                UART0_IRQHandler
                0x100024ae                UART1_IRQHandler
                0x100024b0                SPI1_IRQHandler
                0x100024b2                RSV17_IRQHandler
                0x100024b4                RSV18_IRQHandler
                0x100024b6                RSV19_IRQHandler
                0x100024b8                ADC_IRQHandler
                0x100024ba                RSV21_IRQHandler
                0x100024bc                RSV22_IRQHandler
                0x100024be                FLC0_IRQHandler
                0x100024c2                GPIO1_IRQHandler
                0x100024c6                RSV27_IRQHandler
                0x100024c8                DMA0_IRQHandler
                0x100024ca                DMA1_IRQHandler
                0x100024cc                DMA2_IRQHandler
                0x100024ce                DMA3_IRQHandler
                0x100024d0                RSV32_IRQHandler
                0x100024d2                RSV33_IRQHandler
                0x100024d4                UART2_IRQHandler
                0x100024d6                RSV35_IRQHandler
                0x100024d8                I2C1_IRQHandler
                0x100024da                RSV37_IRQHandler
                0x100024dc                RSV38_IRQHandler
                0x100024de                RSV39_IRQHandler
                0x100024e0                RSV40_IRQHandler
                0x100024e2                RSV41_IRQHandler
                0x100024e4                RSV42_IRQHandler
                0x100024e6                RSV43_IRQHandler
                0x100024e8                RSV44_IRQHandler
                0x100024ea                RSV45_IRQHandler
                0x100024ec                RSV46_IRQHandler
                0x100024ee                RSV47_IRQHandler
                0x100024f0                RSV48_IRQHandler
                0x100024f2                RSV49_IRQHandler
                0x100024f4                RSV50_IRQHandler
                0x100024f6                RSV51_IRQHandler
                0x100024f8                RSV52_IRQHandler
                0x100024fa                WUT_IRQHandler
                0x100024fc                GPIOWAKE_IRQHandler
                0x100024fe                RSV55_IRQHandler
                0x10002500                SPI0_IRQHandler
                0x10002502                WDT1_IRQHandler
                0x10002504                RSV58_IRQHandler
                0x10002506                PT_IRQHandler
                0x10002508                RSV60_IRQHandler
                0x1000250a                RSV61_IRQHandler
                0x1000250c                I2C2_IRQHandler
                0x1000250e                RISCV_IRQHandler
                0x10002510                RSV64_IRQHandler
                0x10002512                RSV65_IRQHandler
                0x10002514                RSV66_IRQHandler
                0x10002516                OWM_IRQHandler
                0x10002518                RSV68_IRQHandler
                0x1000251a                RSV69_IRQHandler
                0x1000251c                RSV70_IRQHandler
                0x1000251e                RSV71_IRQHandler
                0x10002520                RSV72_IRQHandler
                0x10002522                RSV73_IRQHandler
                0x10002524                RSV74_IRQHandler
                0x10002526                RSV75_IRQHandler
                0x10002528                RSV76_IRQHandler
                0x1000252a                RSV77_IRQHandler
                0x1000252c                RSV78_IRQHandler
                0x1000252e                RSV79_IRQHandler
                0x10002530                RSV80_IRQHandler
                0x10002532                RSV81_IRQHandler
                0x10002534                ECC_IRQHandler
                0x10002536                DVS_IRQHandler
                0x10002538                SIMO_IRQHandler
                0x1000253a                RSV85_IRQHandler
                0x1000253c                RSV86_IRQHandler
                0x1000253e                RSV87_IRQHandler
                0x10002540                UART3_IRQHandler
                0x10002542                RSV89_IRQHandler
                0x10002544                RSV90_IRQHandler
                0x10002546                PCIF_IRQHandler
                0x10002548                RSV92_IRQHandler
                0x1000254a                RSV93_IRQHandler
                0x1000254c                RSV94_IRQHandler
                0x1000254e                RSV95_IRQHandler
                0x10002550                RSV96_IRQHandler
                0x10002552                AES_IRQHandler
                0x10002554                RSV98_IRQHandler
                0x10002556                I2S_IRQHandler
                0x10002558                CNN_FIFO_IRQHandler
                0x1000255a                CNN_IRQHandler
                0x1000255c                RSV102_IRQHandler
                0x1000255e                LPCMP_IRQHandler
 .text._sbrk    0x10002588       0x3c C:/MaximSDK/Examples/MAX78000/CNN/eyes/build/heap.o
                0x10002588                _sbrk
 .text._getpid  0x100025c4        0x8 C:/MaximSDK/Examples/MAX78000/CNN/eyes/build/system_max78000.o
                0x100025c4                _getpid
 .text._kill    0x100025cc        0x8 C:/MaximSDK/Examples/MAX78000/CNN/eyes/build/system_max78000.o
                0x100025cc                _kill
 .text.SystemCoreClockUpdate
                0x100025d4       0x68 C:/MaximSDK/Examples/MAX78000/CNN/eyes/build/system_max78000.o
                0x100025d4                SystemCoreClockUpdate
 .text.PreInit  0x1000263c        0x4 C:/MaximSDK/Examples/MAX78000/CNN/eyes/build/system_max78000.o
                0x1000263c                PreInit
 .text.PinInit  0x10002640        0x4 C:/MaximSDK/Examples/MAX78000/CNN/eyes/build/system_max78000.o
                0x10002640                PinInit
 .text.SystemInit
                0x10002644       0x3c C:/MaximSDK/Examples/MAX78000/CNN/eyes/build/system_max78000.o
                0x10002644                SystemInit
 .text.MXC_DelayInit
                0x10002680       0x84 C:/MaximSDK/Libraries/PeriphDrivers/bin/MAX78000/spi-v1_softfp/libPeriphDriver_spi-v1_softfp.a(mxc_delay.o)
 .text.MXC_DelayAsync
                0x10002704       0x44 C:/MaximSDK/Libraries/PeriphDrivers/bin/MAX78000/spi-v1_softfp/libPeriphDriver_spi-v1_softfp.a(mxc_delay.o)
                0x10002704                MXC_DelayAsync
 .text.MXC_DelayAbort
                0x10002748       0x34 C:/MaximSDK/Libraries/PeriphDrivers/bin/MAX78000/spi-v1_softfp/libPeriphDriver_spi-v1_softfp.a(mxc_delay.o)
                0x10002748                MXC_DelayAbort
 .text.MXC_DelayCheck
                0x1000277c       0x64 C:/MaximSDK/Libraries/PeriphDrivers/bin/MAX78000/spi-v1_softfp/libPeriphDriver_spi-v1_softfp.a(mxc_delay.o)
                0x1000277c                MXC_DelayCheck
 .text.MXC_Delay
                0x100027e0       0x58 C:/MaximSDK/Libraries/PeriphDrivers/bin/MAX78000/spi-v1_softfp/libPeriphDriver_spi-v1_softfp.a(mxc_delay.o)
                0x100027e0                MXC_Delay
 .text.__NVIC_EnableIRQ
                0x10002838       0x1c C:/MaximSDK/Libraries/PeriphDrivers/bin/MAX78000/spi-v1_softfp/libPeriphDriver_spi-v1_softfp.a(nvic_table.o)
 .text.NVIC_SetRAM
                0x10002854       0x24 C:/MaximSDK/Libraries/PeriphDrivers/bin/MAX78000/spi-v1_softfp/libPeriphDriver_spi-v1_softfp.a(nvic_table.o)
                0x10002854                NVIC_SetRAM
 .text.MXC_NVIC_SetVector
                0x10002878       0x30 C:/MaximSDK/Libraries/PeriphDrivers/bin/MAX78000/spi-v1_softfp/libPeriphDriver_spi-v1_softfp.a(nvic_table.o)
                0x10002878                MXC_NVIC_SetVector
 .text.MXC_SYS_IsClockEnabled
                0x100028a8       0x54 C:/MaximSDK/Libraries/PeriphDrivers/bin/MAX78000/spi-v1_softfp/libPeriphDriver_spi-v1_softfp.a(sys_ai85.o)
                0x100028a8                MXC_SYS_IsClockEnabled
 .text.MXC_SYS_ClockDisable
                0x100028fc       0x44 C:/MaximSDK/Libraries/PeriphDrivers/bin/MAX78000/spi-v1_softfp/libPeriphDriver_spi-v1_softfp.a(sys_ai85.o)
                0x100028fc                MXC_SYS_ClockDisable
 .text.MXC_SYS_ClockEnable
                0x10002940       0x48 C:/MaximSDK/Libraries/PeriphDrivers/bin/MAX78000/spi-v1_softfp/libPeriphDriver_spi-v1_softfp.a(sys_ai85.o)
                0x10002940                MXC_SYS_ClockEnable
 .text.MXC_SYS_Clock_Timeout
                0x10002988       0x30 C:/MaximSDK/Libraries/PeriphDrivers/bin/MAX78000/spi-v1_softfp/libPeriphDriver_spi-v1_softfp.a(sys_ai85.o)
                0x10002988                MXC_SYS_Clock_Timeout
 .text.MXC_SYS_ClockSourceEnable
                0x100029b8       0x88 C:/MaximSDK/Libraries/PeriphDrivers/bin/MAX78000/spi-v1_softfp/libPeriphDriver_spi-v1_softfp.a(sys_ai85.o)
                0x100029b8                MXC_SYS_ClockSourceEnable
 .text.MXC_SYS_Clock_Select
                0x10002a40      0x160 C:/MaximSDK/Libraries/PeriphDrivers/bin/MAX78000/spi-v1_softfp/libPeriphDriver_spi-v1_softfp.a(sys_ai85.o)
                0x10002a40                MXC_SYS_Clock_Select
 .text.MXC_SYS_Reset_Periph
                0x10002ba0       0x54 C:/MaximSDK/Libraries/PeriphDrivers/bin/MAX78000/spi-v1_softfp/libPeriphDriver_spi-v1_softfp.a(sys_ai85.o)
                0x10002ba0                MXC_SYS_Reset_Periph
 .text.MXC_PCIF_Init
                0x10002bf4       0x74 C:/MaximSDK/Libraries/PeriphDrivers/bin/MAX78000/spi-v1_softfp/libPeriphDriver_spi-v1_softfp.a(cameraif_ai85.o)
                0x10002bf4                MXC_PCIF_Init
 .text.MXC_PCIF_SetDataWidth
                0x10002c68       0x10 C:/MaximSDK/Libraries/PeriphDrivers/bin/MAX78000/spi-v1_softfp/libPeriphDriver_spi-v1_softfp.a(cameraif_ai85.o)
                0x10002c68                MXC_PCIF_SetDataWidth
 .text.MXC_PCIF_SetTimingSel
                0x10002c78       0x10 C:/MaximSDK/Libraries/PeriphDrivers/bin/MAX78000/spi-v1_softfp/libPeriphDriver_spi-v1_softfp.a(cameraif_ai85.o)
                0x10002c78                MXC_PCIF_SetTimingSel
 .text.MXC_PCIF_SetThreshold
                0x10002c88       0x10 C:/MaximSDK/Libraries/PeriphDrivers/bin/MAX78000/spi-v1_softfp/libPeriphDriver_spi-v1_softfp.a(cameraif_ai85.o)
                0x10002c88                MXC_PCIF_SetThreshold
 .text.MXC_PCIF_EnableInt
                0x10002c98       0x10 C:/MaximSDK/Libraries/PeriphDrivers/bin/MAX78000/spi-v1_softfp/libPeriphDriver_spi-v1_softfp.a(cameraif_ai85.o)
                0x10002c98                MXC_PCIF_EnableInt
 .text.MXC_PCIF_DisableInt
                0x10002ca8       0x10 C:/MaximSDK/Libraries/PeriphDrivers/bin/MAX78000/spi-v1_softfp/libPeriphDriver_spi-v1_softfp.a(cameraif_ai85.o)
                0x10002ca8                MXC_PCIF_DisableInt
 .text.MXC_PCIF_Start
                0x10002cb8       0x10 C:/MaximSDK/Libraries/PeriphDrivers/bin/MAX78000/spi-v1_softfp/libPeriphDriver_spi-v1_softfp.a(cameraif_ai85.o)
                0x10002cb8                MXC_PCIF_Start
 .text.MXC_PCIF_RevA_SetDatawidth
                0x10002cc8       0x12 C:/MaximSDK/Libraries/PeriphDrivers/bin/MAX78000/spi-v1_softfp/libPeriphDriver_spi-v1_softfp.a(cameraif_reva.o)
                0x10002cc8                MXC_PCIF_RevA_SetDatawidth
 .text.MXC_PCIF_RevA_SetTimingSel
                0x10002cda       0x12 C:/MaximSDK/Libraries/PeriphDrivers/bin/MAX78000/spi-v1_softfp/libPeriphDriver_spi-v1_softfp.a(cameraif_reva.o)
                0x10002cda                MXC_PCIF_RevA_SetTimingSel
 .text.MXC_PCIF_RevA_SetThreshold
                0x10002cec       0x16 C:/MaximSDK/Libraries/PeriphDrivers/bin/MAX78000/spi-v1_softfp/libPeriphDriver_spi-v1_softfp.a(cameraif_reva.o)
                0x10002cec                MXC_PCIF_RevA_SetThreshold
 .text.MXC_PCIF_RevA_EnableInt
                0x10002d02        0xc C:/MaximSDK/Libraries/PeriphDrivers/bin/MAX78000/spi-v1_softfp/libPeriphDriver_spi-v1_softfp.a(cameraif_reva.o)
                0x10002d02                MXC_PCIF_RevA_EnableInt
 .text.MXC_PCIF_RevA_DisableInt
                0x10002d0e        0xe C:/MaximSDK/Libraries/PeriphDrivers/bin/MAX78000/spi-v1_softfp/libPeriphDriver_spi-v1_softfp.a(cameraif_reva.o)
                0x10002d0e                MXC_PCIF_RevA_DisableInt
 .text.MXC_PCIF_RevA_Start
                0x10002d1c       0x14 C:/MaximSDK/Libraries/PeriphDrivers/bin/MAX78000/spi-v1_softfp/libPeriphDriver_spi-v1_softfp.a(cameraif_reva.o)
                0x10002d1c                MXC_PCIF_RevA_Start
 .text.MXC_DMA_Init
                0x10002d30       0x24 C:/MaximSDK/Libraries/PeriphDrivers/bin/MAX78000/spi-v1_softfp/libPeriphDriver_spi-v1_softfp.a(dma_me17.o)
                0x10002d30                MXC_DMA_Init
 .text.MXC_DMA_AcquireChannel
                0x10002d54       0x10 C:/MaximSDK/Libraries/PeriphDrivers/bin/MAX78000/spi-v1_softfp/libPeriphDriver_spi-v1_softfp.a(dma_me17.o)
                0x10002d54                MXC_DMA_AcquireChannel
 .text.MXC_DMA_SetCallback
                0x10002d64        0x8 C:/MaximSDK/Libraries/PeriphDrivers/bin/MAX78000/spi-v1_softfp/libPeriphDriver_spi-v1_softfp.a(dma_me17.o)
                0x10002d64                MXC_DMA_SetCallback
 .text.MXC_DMA_ChannelClearFlags
                0x10002d6c        0x8 C:/MaximSDK/Libraries/PeriphDrivers/bin/MAX78000/spi-v1_softfp/libPeriphDriver_spi-v1_softfp.a(dma_me17.o)
                0x10002d6c                MXC_DMA_ChannelClearFlags
 .text.MXC_DMA_Handler
                0x10002d74       0x10 C:/MaximSDK/Libraries/PeriphDrivers/bin/MAX78000/spi-v1_softfp/libPeriphDriver_spi-v1_softfp.a(dma_me17.o)
                0x10002d74                MXC_DMA_Handler
 .text.MXC_DMA_RevA_Init
                0x10002d84       0xb8 C:/MaximSDK/Libraries/PeriphDrivers/bin/MAX78000/spi-v1_softfp/libPeriphDriver_spi-v1_softfp.a(dma_reva.o)
                0x10002d84                MXC_DMA_RevA_Init
 .text.MXC_DMA_RevA_AcquireChannel
                0x10002e3c       0x90 C:/MaximSDK/Libraries/PeriphDrivers/bin/MAX78000/spi-v1_softfp/libPeriphDriver_spi-v1_softfp.a(dma_reva.o)
                0x10002e3c                MXC_DMA_RevA_AcquireChannel
 .text.MXC_DMA_RevA_SetCallback
                0x10002ecc       0x30 C:/MaximSDK/Libraries/PeriphDrivers/bin/MAX78000/spi-v1_softfp/libPeriphDriver_spi-v1_softfp.a(dma_reva.o)
                0x10002ecc                MXC_DMA_RevA_SetCallback
 .text.MXC_DMA_RevA_ChannelGetFlags
                0x10002efc       0x30 C:/MaximSDK/Libraries/PeriphDrivers/bin/MAX78000/spi-v1_softfp/libPeriphDriver_spi-v1_softfp.a(dma_reva.o)
                0x10002efc                MXC_DMA_RevA_ChannelGetFlags
 .text.MXC_DMA_RevA_ChannelClearFlags
                0x10002f2c       0x38 C:/MaximSDK/Libraries/PeriphDrivers/bin/MAX78000/spi-v1_softfp/libPeriphDriver_spi-v1_softfp.a(dma_reva.o)
                0x10002f2c                MXC_DMA_RevA_ChannelClearFlags
 .text.MXC_DMA_RevA_Handler
                0x10002f64       0x8c C:/MaximSDK/Libraries/PeriphDrivers/bin/MAX78000/spi-v1_softfp/libPeriphDriver_spi-v1_softfp.a(dma_reva.o)
                0x10002f64                MXC_DMA_RevA_Handler
 .text.MXC_GPIO_Init
                0x10002ff0       0x36 C:/MaximSDK/Libraries/PeriphDrivers/bin/MAX78000/spi-v1_softfp/libPeriphDriver_spi-v1_softfp.a(gpio_ai85.o)
                0x10002ff0                MXC_GPIO_Init
 *fill*         0x10003026        0x2 
 .text.MXC_GPIO_InGet
                0x10003028       0x3c C:/MaximSDK/Libraries/PeriphDrivers/bin/MAX78000/spi-v1_softfp/libPeriphDriver_spi-v1_softfp.a(gpio_ai85.o)
                0x10003028                MXC_GPIO_InGet
 .text.MXC_GPIO_OutSet
                0x10003064       0x2c C:/MaximSDK/Libraries/PeriphDrivers/bin/MAX78000/spi-v1_softfp/libPeriphDriver_spi-v1_softfp.a(gpio_ai85.o)
                0x10003064                MXC_GPIO_OutSet
 .text.MXC_GPIO_OutClr
                0x10003090       0x30 C:/MaximSDK/Libraries/PeriphDrivers/bin/MAX78000/spi-v1_softfp/libPeriphDriver_spi-v1_softfp.a(gpio_ai85.o)
                0x10003090                MXC_GPIO_OutClr
 .text.MXC_GPIO_Handler
                0x100030c0        0x8 C:/MaximSDK/Libraries/PeriphDrivers/bin/MAX78000/spi-v1_softfp/libPeriphDriver_spi-v1_softfp.a(gpio_ai85.o)
                0x100030c0                MXC_GPIO_Handler
 .text.MXC_GPIO_ClearFlags
                0x100030c8       0x1c C:/MaximSDK/Libraries/PeriphDrivers/bin/MAX78000/spi-v1_softfp/libPeriphDriver_spi-v1_softfp.a(gpio_ai85.o)
                0x100030c8                MXC_GPIO_ClearFlags
 .text.MXC_GPIO_GetFlags
                0x100030e4       0x1c C:/MaximSDK/Libraries/PeriphDrivers/bin/MAX78000/spi-v1_softfp/libPeriphDriver_spi-v1_softfp.a(gpio_ai85.o)
                0x100030e4                MXC_GPIO_GetFlags
 .text.MXC_GPIO_SetVSSEL
                0x10003100       0x20 C:/MaximSDK/Libraries/PeriphDrivers/bin/MAX78000/spi-v1_softfp/libPeriphDriver_spi-v1_softfp.a(gpio_ai85.o)
                0x10003100                MXC_GPIO_SetVSSEL
 .text.MXC_GPIO_SetDriveStrength
                0x10003120        0x8 C:/MaximSDK/Libraries/PeriphDrivers/bin/MAX78000/spi-v1_softfp/libPeriphDriver_spi-v1_softfp.a(gpio_ai85.o)
                0x10003120                MXC_GPIO_SetDriveStrength
 .text.MXC_GPIO_GetConfigLock
                0x10003128        0x8 C:/MaximSDK/Libraries/PeriphDrivers/bin/MAX78000/spi-v1_softfp/libPeriphDriver_spi-v1_softfp.a(gpio_ai85.o)
                0x10003128                MXC_GPIO_GetConfigLock
 .text.MXC_GPIO_Config
                0x10003130      0x290 C:/MaximSDK/Libraries/PeriphDrivers/bin/MAX78000/spi-v1_softfp/libPeriphDriver_spi-v1_softfp.a(gpio_ai85.o)
                0x10003130                MXC_GPIO_Config
 .text.MXC_GPIO_RevA_InGet
                0x100033c0        0x6 C:/MaximSDK/Libraries/PeriphDrivers/bin/MAX78000/spi-v1_softfp/libPeriphDriver_spi-v1_softfp.a(gpio_reva.o)
                0x100033c0                MXC_GPIO_RevA_InGet
 .text.MXC_GPIO_RevA_OutSet
                0x100033c6        0x4 C:/MaximSDK/Libraries/PeriphDrivers/bin/MAX78000/spi-v1_softfp/libPeriphDriver_spi-v1_softfp.a(gpio_reva.o)
                0x100033c6                MXC_GPIO_RevA_OutSet
 .text.MXC_GPIO_RevA_OutClr
                0x100033ca        0x4 C:/MaximSDK/Libraries/PeriphDrivers/bin/MAX78000/spi-v1_softfp/libPeriphDriver_spi-v1_softfp.a(gpio_reva.o)
                0x100033ca                MXC_GPIO_RevA_OutClr
 .text.MXC_GPIO_RevA_ClearFlags
                0x100033ce        0x4 C:/MaximSDK/Libraries/PeriphDrivers/bin/MAX78000/spi-v1_softfp/libPeriphDriver_spi-v1_softfp.a(gpio_reva.o)
                0x100033ce                MXC_GPIO_RevA_ClearFlags
 .text.MXC_GPIO_RevA_GetFlags
                0x100033d2        0x4 C:/MaximSDK/Libraries/PeriphDrivers/bin/MAX78000/spi-v1_softfp/libPeriphDriver_spi-v1_softfp.a(gpio_reva.o)
                0x100033d2                MXC_GPIO_RevA_GetFlags
 .text.MXC_GPIO_RevA_SetVSSEL
                0x100033d6       0x3e C:/MaximSDK/Libraries/PeriphDrivers/bin/MAX78000/spi-v1_softfp/libPeriphDriver_spi-v1_softfp.a(gpio_reva.o)
                0x100033d6                MXC_GPIO_RevA_SetVSSEL
 .text.MXC_GPIO_RevA_SetAF
                0x10003414       0x88 C:/MaximSDK/Libraries/PeriphDrivers/bin/MAX78000/spi-v1_softfp/libPeriphDriver_spi-v1_softfp.a(gpio_reva.o)
                0x10003414                MXC_GPIO_RevA_SetAF
 .text.MXC_GPIO_RevA_SetDriveStrength
                0x1000349c       0x98 C:/MaximSDK/Libraries/PeriphDrivers/bin/MAX78000/spi-v1_softfp/libPeriphDriver_spi-v1_softfp.a(gpio_reva.o)
                0x1000349c                MXC_GPIO_RevA_SetDriveStrength
 .text.MXC_ICC_Enable
                0x10003534        0x8 C:/MaximSDK/Libraries/PeriphDrivers/bin/MAX78000/spi-v1_softfp/libPeriphDriver_spi-v1_softfp.a(icc_me17.o)
                0x10003534                MXC_ICC_Enable
 .text.MXC_ICC_Ready
                0x1000353c        0xa C:/MaximSDK/Libraries/PeriphDrivers/bin/MAX78000/spi-v1_softfp/libPeriphDriver_spi-v1_softfp.a(icc_reva.o)
 .text.MXC_ICC_RevA_Enable
                0x10003546       0x38 C:/MaximSDK/Libraries/PeriphDrivers/bin/MAX78000/spi-v1_softfp/libPeriphDriver_spi-v1_softfp.a(icc_reva.o)
                0x10003546                MXC_ICC_RevA_Enable
 *fill*         0x1000357e        0x2 
 .text.MXC_PT_Init
                0x10003580       0xbc C:/MaximSDK/Libraries/PeriphDrivers/bin/MAX78000/spi-v1_softfp/libPeriphDriver_spi-v1_softfp.a(pt_ai85.o)
                0x10003580                MXC_PT_Init
 .text.MXC_PT_Config
                0x1000363c       0x5c C:/MaximSDK/Libraries/PeriphDrivers/bin/MAX78000/spi-v1_softfp/libPeriphDriver_spi-v1_softfp.a(pt_ai85.o)
                0x1000363c                MXC_PT_Config
 .text.MXC_PT_SqrWaveConfig
                0x10003698       0x20 C:/MaximSDK/Libraries/PeriphDrivers/bin/MAX78000/spi-v1_softfp/libPeriphDriver_spi-v1_softfp.a(pt_ai85.o)
                0x10003698                MXC_PT_SqrWaveConfig
 .text.MXC_PT_Start
                0x100036b8       0x10 C:/MaximSDK/Libraries/PeriphDrivers/bin/MAX78000/spi-v1_softfp/libPeriphDriver_spi-v1_softfp.a(pt_ai85.o)
                0x100036b8                MXC_PT_Start
 .text.MXC_PT_IsActive
                0x100036c8       0x10 C:/MaximSDK/Libraries/PeriphDrivers/bin/MAX78000/spi-v1_softfp/libPeriphDriver_spi-v1_softfp.a(pt_ai85.o)
                0x100036c8                MXC_PT_IsActive
 .text.MXC_PT_RevA_Init
                0x100036d8        0xe C:/MaximSDK/Libraries/PeriphDrivers/bin/MAX78000/spi-v1_softfp/libPeriphDriver_spi-v1_softfp.a(pt_reva.o)
                0x100036d8                MXC_PT_RevA_Init
 .text.MXC_PT_RevA_SqrWaveConfig
                0x100036e6       0x14 C:/MaximSDK/Libraries/PeriphDrivers/bin/MAX78000/spi-v1_softfp/libPeriphDriver_spi-v1_softfp.a(pt_reva.o)
                0x100036e6                MXC_PT_RevA_SqrWaveConfig
 .text.MXC_PT_RevA_Start
                0x100036fa       0x10 C:/MaximSDK/Libraries/PeriphDrivers/bin/MAX78000/spi-v1_softfp/libPeriphDriver_spi-v1_softfp.a(pt_reva.o)
                0x100036fa                MXC_PT_RevA_Start
 .text.MXC_PT_RevA_Stop
                0x1000370a        0xa C:/MaximSDK/Libraries/PeriphDrivers/bin/MAX78000/spi-v1_softfp/libPeriphDriver_spi-v1_softfp.a(pt_reva.o)
                0x1000370a                MXC_PT_RevA_Stop
 .text.MXC_PT_RevA_Config
                0x10003714       0xc0 C:/MaximSDK/Libraries/PeriphDrivers/bin/MAX78000/spi-v1_softfp/libPeriphDriver_spi-v1_softfp.a(pt_reva.o)
                0x10003714                MXC_PT_RevA_Config
 .text.MXC_PT_RevA_IsActive
                0x100037d4        0xc C:/MaximSDK/Libraries/PeriphDrivers/bin/MAX78000/spi-v1_softfp/libPeriphDriver_spi-v1_softfp.a(pt_reva.o)
                0x100037d4                MXC_PT_RevA_IsActive
 .text.MXC_TMR_Init
                0x100037e0      0x25c C:/MaximSDK/Libraries/PeriphDrivers/bin/MAX78000/spi-v1_softfp/libPeriphDriver_spi-v1_softfp.a(tmr_ai85.o)
                0x100037e0                MXC_TMR_Init
 .text.MXC_TMR_Start
                0x10003a3c        0x8 C:/MaximSDK/Libraries/PeriphDrivers/bin/MAX78000/spi-v1_softfp/libPeriphDriver_spi-v1_softfp.a(tmr_ai85.o)
                0x10003a3c                MXC_TMR_Start
 .text.MXC_TMR_Stop
                0x10003a44        0x8 C:/MaximSDK/Libraries/PeriphDrivers/bin/MAX78000/spi-v1_softfp/libPeriphDriver_spi-v1_softfp.a(tmr_ai85.o)
                0x10003a44                MXC_TMR_Stop
 .text.MXC_TMR_ClearFlags
                0x10003a4c        0x8 C:/MaximSDK/Libraries/PeriphDrivers/bin/MAX78000/spi-v1_softfp/libPeriphDriver_spi-v1_softfp.a(tmr_ai85.o)
                0x10003a4c                MXC_TMR_ClearFlags
 .text.MXC_TMR_SetCount
                0x10003a54        0x8 C:/MaximSDK/Libraries/PeriphDrivers/bin/MAX78000/spi-v1_softfp/libPeriphDriver_spi-v1_softfp.a(tmr_ai85.o)
                0x10003a54                MXC_TMR_SetCount
 .text.MXC_TMR_TO_Start
                0x10003a5c        0x8 C:/MaximSDK/Libraries/PeriphDrivers/bin/MAX78000/spi-v1_softfp/libPeriphDriver_spi-v1_softfp.a(tmr_ai85.o)
                0x10003a5c                MXC_TMR_TO_Start
 .text.MXC_TMR_TO_Stop
                0x10003a64        0x8 C:/MaximSDK/Libraries/PeriphDrivers/bin/MAX78000/spi-v1_softfp/libPeriphDriver_spi-v1_softfp.a(tmr_ai85.o)
                0x10003a64                MXC_TMR_TO_Stop
 .text.MXC_TMR_TO_Elapsed
                0x10003a6c        0x8 C:/MaximSDK/Libraries/PeriphDrivers/bin/MAX78000/spi-v1_softfp/libPeriphDriver_spi-v1_softfp.a(tmr_ai85.o)
                0x10003a6c                MXC_TMR_TO_Elapsed
 .text.MXC_TMR_SW_Start
                0x10003a74        0x8 C:/MaximSDK/Libraries/PeriphDrivers/bin/MAX78000/spi-v1_softfp/libPeriphDriver_spi-v1_softfp.a(tmr_ai85.o)
                0x10003a74                MXC_TMR_SW_Start
 .text.MXC_TMR_SW_Stop
                0x10003a7c        0x8 C:/MaximSDK/Libraries/PeriphDrivers/bin/MAX78000/spi-v1_softfp/libPeriphDriver_spi-v1_softfp.a(tmr_ai85.o)
                0x10003a7c                MXC_TMR_SW_Stop
 .text.MXC_TMR_GetTime
                0x10003a84        0x8 C:/MaximSDK/Libraries/PeriphDrivers/bin/MAX78000/spi-v1_softfp/libPeriphDriver_spi-v1_softfp.a(tmr_ai85.o)
                0x10003a84                MXC_TMR_GetTime
 .text.MXC_TMR_RevB_SetClockSource
                0x10003a8c       0x98 C:/MaximSDK/Libraries/PeriphDrivers/bin/MAX78000/spi-v1_softfp/libPeriphDriver_spi-v1_softfp.a(tmr_revb.o)
                0x10003a8c                MXC_TMR_RevB_SetClockSource
 .text.MXC_TMR_RevB_SetPrescalar
                0x10003b24       0x2e C:/MaximSDK/Libraries/PeriphDrivers/bin/MAX78000/spi-v1_softfp/libPeriphDriver_spi-v1_softfp.a(tmr_revb.o)
                0x10003b24                MXC_TMR_RevB_SetPrescalar
 *fill*         0x10003b52        0x2 
 .text.MXC_TMR_RevB_SetClockSourceFreq
                0x10003b54       0x88 C:/MaximSDK/Libraries/PeriphDrivers/bin/MAX78000/spi-v1_softfp/libPeriphDriver_spi-v1_softfp.a(tmr_revb.o)
                0x10003b54                MXC_TMR_RevB_SetClockSourceFreq
 .text.MXC_TMR_RevB_GetClockSourceFreq
                0x10003bdc       0x84 C:/MaximSDK/Libraries/PeriphDrivers/bin/MAX78000/spi-v1_softfp/libPeriphDriver_spi-v1_softfp.a(tmr_revb.o)
                0x10003bdc                MXC_TMR_RevB_GetClockSourceFreq
 .text.MXC_TMR_RevB_ConfigGeneric
                0x10003c60       0xb4 C:/MaximSDK/Libraries/PeriphDrivers/bin/MAX78000/spi-v1_softfp/libPeriphDriver_spi-v1_softfp.a(tmr_revb.o)
                0x10003c60                MXC_TMR_RevB_ConfigGeneric
 .text.MXC_TMR_RevB_Init
                0x10003d14      0x15c C:/MaximSDK/Libraries/PeriphDrivers/bin/MAX78000/spi-v1_softfp/libPeriphDriver_spi-v1_softfp.a(tmr_revb.o)
                0x10003d14                MXC_TMR_RevB_Init
 .text.MXC_TMR_RevB_Start
                0x10003e70       0x80 C:/MaximSDK/Libraries/PeriphDrivers/bin/MAX78000/spi-v1_softfp/libPeriphDriver_spi-v1_softfp.a(tmr_revb.o)
                0x10003e70                MXC_TMR_RevB_Start
 .text.MXC_TMR_RevB_Stop
                0x10003ef0       0x58 C:/MaximSDK/Libraries/PeriphDrivers/bin/MAX78000/spi-v1_softfp/libPeriphDriver_spi-v1_softfp.a(tmr_revb.o)
                0x10003ef0                MXC_TMR_RevB_Stop
 .text.MXC_TMR_RevB_ClearFlags
                0x10003f48       0x58 C:/MaximSDK/Libraries/PeriphDrivers/bin/MAX78000/spi-v1_softfp/libPeriphDriver_spi-v1_softfp.a(tmr_revb.o)
                0x10003f48                MXC_TMR_RevB_ClearFlags
 .text.MXC_TMR_RevB_SetCount
                0x10003fa0       0x5c C:/MaximSDK/Libraries/PeriphDrivers/bin/MAX78000/spi-v1_softfp/libPeriphDriver_spi-v1_softfp.a(tmr_revb.o)
                0x10003fa0                MXC_TMR_RevB_SetCount
 .text.MXC_TMR_RevB_TO_Start
                0x10003ffc       0xd0 C:/MaximSDK/Libraries/PeriphDrivers/bin/MAX78000/spi-v1_softfp/libPeriphDriver_spi-v1_softfp.a(tmr_revb.o)
                0x10003ffc                MXC_TMR_RevB_TO_Start
 .text.MXC_TMR_RevB_GetTime
                0x100040cc      0x188 C:/MaximSDK/Libraries/PeriphDrivers/bin/MAX78000/spi-v1_softfp/libPeriphDriver_spi-v1_softfp.a(tmr_revb.o)
                0x100040cc                MXC_TMR_RevB_GetTime
 .text.MXC_UART_Shutdown
                0x10004254       0x70 C:/MaximSDK/Libraries/PeriphDrivers/bin/MAX78000/spi-v1_softfp/libPeriphDriver_spi-v1_softfp.a(uart_ai85.o)
                0x10004254                MXC_UART_Shutdown
 .text.MXC_UART_SetFrequency
                0x100042c4       0xa4 C:/MaximSDK/Libraries/PeriphDrivers/bin/MAX78000/spi-v1_softfp/libPeriphDriver_spi-v1_softfp.a(uart_ai85.o)
                0x100042c4                MXC_UART_SetFrequency
 .text.MXC_UART_SetDataSize
                0x10004368        0x8 C:/MaximSDK/Libraries/PeriphDrivers/bin/MAX78000/spi-v1_softfp/libPeriphDriver_spi-v1_softfp.a(uart_ai85.o)
                0x10004368                MXC_UART_SetDataSize
 .text.MXC_UART_SetStopBits
                0x10004370        0x8 C:/MaximSDK/Libraries/PeriphDrivers/bin/MAX78000/spi-v1_softfp/libPeriphDriver_spi-v1_softfp.a(uart_ai85.o)
                0x10004370                MXC_UART_SetStopBits
 .text.MXC_UART_SetParity
                0x10004378        0x8 C:/MaximSDK/Libraries/PeriphDrivers/bin/MAX78000/spi-v1_softfp/libPeriphDriver_spi-v1_softfp.a(uart_ai85.o)
                0x10004378                MXC_UART_SetParity
 .text.MXC_UART_SetClockSource
                0x10004380       0x6c C:/MaximSDK/Libraries/PeriphDrivers/bin/MAX78000/spi-v1_softfp/libPeriphDriver_spi-v1_softfp.a(uart_ai85.o)
                0x10004380                MXC_UART_SetClockSource
 .text.MXC_UART_GetClockSource
                0x100043ec       0x50 C:/MaximSDK/Libraries/PeriphDrivers/bin/MAX78000/spi-v1_softfp/libPeriphDriver_spi-v1_softfp.a(uart_ai85.o)
                0x100043ec                MXC_UART_GetClockSource
 .text.MXC_UART_Init
                0x1000443c       0xa8 C:/MaximSDK/Libraries/PeriphDrivers/bin/MAX78000/spi-v1_softfp/libPeriphDriver_spi-v1_softfp.a(uart_ai85.o)
                0x1000443c                MXC_UART_Init
 .text.MXC_UART_ReadCharacterRaw
                0x100044e4        0x8 C:/MaximSDK/Libraries/PeriphDrivers/bin/MAX78000/spi-v1_softfp/libPeriphDriver_spi-v1_softfp.a(uart_ai85.o)
                0x100044e4                MXC_UART_ReadCharacterRaw
 .text.MXC_UART_WriteCharacterRaw
                0x100044ec        0x8 C:/MaximSDK/Libraries/PeriphDrivers/bin/MAX78000/spi-v1_softfp/libPeriphDriver_spi-v1_softfp.a(uart_ai85.o)
                0x100044ec                MXC_UART_WriteCharacterRaw
 .text.MXC_UART_ReadCharacter
                0x100044f4        0x8 C:/MaximSDK/Libraries/PeriphDrivers/bin/MAX78000/spi-v1_softfp/libPeriphDriver_spi-v1_softfp.a(uart_ai85.o)
                0x100044f4                MXC_UART_ReadCharacter
 .text.MXC_UART_WriteCharacter
                0x100044fc        0x8 C:/MaximSDK/Libraries/PeriphDrivers/bin/MAX78000/spi-v1_softfp/libPeriphDriver_spi-v1_softfp.a(uart_ai85.o)
                0x100044fc                MXC_UART_WriteCharacter
 .text.MXC_UART_GetRXFIFOAvailable
                0x10004504        0x8 C:/MaximSDK/Libraries/PeriphDrivers/bin/MAX78000/spi-v1_softfp/libPeriphDriver_spi-v1_softfp.a(uart_ai85.o)
                0x10004504                MXC_UART_GetRXFIFOAvailable
 .text.MXC_UART_GetTXFIFOAvailable
                0x1000450c        0x8 C:/MaximSDK/Libraries/PeriphDrivers/bin/MAX78000/spi-v1_softfp/libPeriphDriver_spi-v1_softfp.a(uart_ai85.o)
                0x1000450c                MXC_UART_GetTXFIFOAvailable
 .text.MXC_UART_SetRXThreshold
                0x10004514        0x8 C:/MaximSDK/Libraries/PeriphDrivers/bin/MAX78000/spi-v1_softfp/libPeriphDriver_spi-v1_softfp.a(uart_ai85.o)
                0x10004514                MXC_UART_SetRXThreshold
 .text.MXC_UART_Common_ReadCharacter
                0x1000451c       0x16 C:/MaximSDK/Libraries/PeriphDrivers/bin/MAX78000/spi-v1_softfp/libPeriphDriver_spi-v1_softfp.a(uart_common.o)
                0x1000451c                MXC_UART_Common_ReadCharacter
 .text.MXC_UART_Common_WriteCharacter
                0x10004532       0x1a C:/MaximSDK/Libraries/PeriphDrivers/bin/MAX78000/spi-v1_softfp/libPeriphDriver_spi-v1_softfp.a(uart_common.o)
                0x10004532                MXC_UART_Common_WriteCharacter
 .text.MXC_UART_RevB_Init
                0x1000454c       0xe0 C:/MaximSDK/Libraries/PeriphDrivers/bin/MAX78000/spi-v1_softfp/libPeriphDriver_spi-v1_softfp.a(uart_revb.o)
                0x1000454c                MXC_UART_RevB_Init
 .text.MXC_UART_RevB_SetFrequency
                0x1000462c       0x1e C:/MaximSDK/Libraries/PeriphDrivers/bin/MAX78000/spi-v1_softfp/libPeriphDriver_spi-v1_softfp.a(uart_revb.o)
                0x1000462c                MXC_UART_RevB_SetFrequency
 .text.MXC_UART_RevB_SetDataSize
                0x1000464a       0x20 C:/MaximSDK/Libraries/PeriphDrivers/bin/MAX78000/spi-v1_softfp/libPeriphDriver_spi-v1_softfp.a(uart_revb.o)
                0x1000464a                MXC_UART_RevB_SetDataSize
 .text.MXC_UART_RevB_SetStopBits
                0x1000466a       0x24 C:/MaximSDK/Libraries/PeriphDrivers/bin/MAX78000/spi-v1_softfp/libPeriphDriver_spi-v1_softfp.a(uart_revb.o)
                0x1000466a                MXC_UART_RevB_SetStopBits
 .text.MXC_UART_RevB_SetParity
                0x1000468e       0x90 C:/MaximSDK/Libraries/PeriphDrivers/bin/MAX78000/spi-v1_softfp/libPeriphDriver_spi-v1_softfp.a(uart_revb.o)
                0x1000468e                MXC_UART_RevB_SetParity
 *fill*         0x1000471e        0x2 
 .text.MXC_UART_RevB_SetClockSource
                0x10004720       0x98 C:/MaximSDK/Libraries/PeriphDrivers/bin/MAX78000/spi-v1_softfp/libPeriphDriver_spi-v1_softfp.a(uart_revb.o)
                0x10004720                MXC_UART_RevB_SetClockSource
 .text.MXC_UART_RevB_GetClockSource
                0x100047b8        0x8 C:/MaximSDK/Libraries/PeriphDrivers/bin/MAX78000/spi-v1_softfp/libPeriphDriver_spi-v1_softfp.a(uart_revb.o)
                0x100047b8                MXC_UART_RevB_GetClockSource
 .text.MXC_UART_RevB_ReadCharacterRaw
                0x100047c0       0x12 C:/MaximSDK/Libraries/PeriphDrivers/bin/MAX78000/spi-v1_softfp/libPeriphDriver_spi-v1_softfp.a(uart_revb.o)
                0x100047c0                MXC_UART_RevB_ReadCharacterRaw
 .text.MXC_UART_RevB_WriteCharacterRaw
                0x100047d2       0x14 C:/MaximSDK/Libraries/PeriphDrivers/bin/MAX78000/spi-v1_softfp/libPeriphDriver_spi-v1_softfp.a(uart_revb.o)
                0x100047d2                MXC_UART_RevB_WriteCharacterRaw
 .text.MXC_UART_RevB_GetRXFIFOAvailable
                0x100047e6        0x8 C:/MaximSDK/Libraries/PeriphDrivers/bin/MAX78000/spi-v1_softfp/libPeriphDriver_spi-v1_softfp.a(uart_revb.o)
                0x100047e6                MXC_UART_RevB_GetRXFIFOAvailable
 .text.MXC_UART_RevB_GetTXFIFOAvailable
                0x100047ee        0xc C:/MaximSDK/Libraries/PeriphDrivers/bin/MAX78000/spi-v1_softfp/libPeriphDriver_spi-v1_softfp.a(uart_revb.o)
                0x100047ee                MXC_UART_RevB_GetTXFIFOAvailable
 .text.MXC_UART_RevB_SetRXThreshold
                0x100047fa       0x1e C:/MaximSDK/Libraries/PeriphDrivers/bin/MAX78000/spi-v1_softfp/libPeriphDriver_spi-v1_softfp.a(uart_revb.o)
                0x100047fa                MXC_UART_RevB_SetRXThreshold
 .text.MXC_GetLock
                0x10004818       0x1c C:/MaximSDK/Libraries/PeriphDrivers/bin/MAX78000/spi-v1_softfp/libPeriphDriver_spi-v1_softfp.a(mxc_lock.o)
                0x10004818                MXC_GetLock
 .text.MXC_FreeLock
                0x10004834        0xa C:/MaximSDK/Libraries/PeriphDrivers/bin/MAX78000/spi-v1_softfp/libPeriphDriver_spi-v1_softfp.a(mxc_lock.o)
                0x10004834                MXC_FreeLock
 *fill*         0x1000483e        0x2 
 .text.MXC_GPIO_Common_Init
                0x10004840       0x40 C:/MaximSDK/Libraries/PeriphDrivers/bin/MAX78000/spi-v1_softfp/libPeriphDriver_spi-v1_softfp.a(gpio_common.o)
                0x10004840                MXC_GPIO_Common_Init
 .text.MXC_GPIO_Common_Handler
                0x10004880       0x8c C:/MaximSDK/Libraries/PeriphDrivers/bin/MAX78000/spi-v1_softfp/libPeriphDriver_spi-v1_softfp.a(gpio_common.o)
                0x10004880                MXC_GPIO_Common_Handler
 .text.MXC_GPIO_Common_GetConfigLock
                0x1000490c        0xc C:/MaximSDK/Libraries/PeriphDrivers/bin/MAX78000/spi-v1_softfp/libPeriphDriver_spi-v1_softfp.a(gpio_common.o)
                0x1000490c                MXC_GPIO_Common_GetConfigLock
 .text.MXC_TMR_Common_TO_Stop
                0x10004918       0x12 C:/MaximSDK/Libraries/PeriphDrivers/bin/MAX78000/spi-v1_softfp/libPeriphDriver_spi-v1_softfp.a(tmr_common.o)
                0x10004918                MXC_TMR_Common_TO_Stop
 .text.MXC_TMR_Common_SW_Start
                0x1000492a        0xc C:/MaximSDK/Libraries/PeriphDrivers/bin/MAX78000/spi-v1_softfp/libPeriphDriver_spi-v1_softfp.a(tmr_common.o)
                0x1000492a                MXC_TMR_Common_SW_Start
 .text.MXC_TMR_Common_SW_Stop
                0x10004936       0x14 C:/MaximSDK/Libraries/PeriphDrivers/bin/MAX78000/spi-v1_softfp/libPeriphDriver_spi-v1_softfp.a(tmr_common.o)
                0x10004936                MXC_TMR_Common_SW_Stop
 *fill*         0x1000494a        0x2 
 .text.MXC_TMR_Common_TO_Elapsed
                0x1000494c       0x54 C:/MaximSDK/Libraries/PeriphDrivers/bin/MAX78000/spi-v1_softfp/libPeriphDriver_spi-v1_softfp.a(tmr_common.o)
                0x1000494c                MXC_TMR_Common_TO_Elapsed
 .text.malloc   0x100049a0       0x10 C:/Program Files (x86)/Arm GNU Toolchain arm-none-eabi/14.3 rel1/bin/../lib/gcc/arm-none-eabi/14.3.1/../../../../arm-none-eabi/lib/thumb/v7e-m+fp/softfp\libc.a(libc_a-malloc.o)
                0x100049a0                malloc
 .text.free     0x100049b0       0x10 C:/Program Files (x86)/Arm GNU Toolchain arm-none-eabi/14.3 rel1/bin/../lib/gcc/arm-none-eabi/14.3.1/../../../../arm-none-eabi/lib/thumb/v7e-m+fp/softfp\libc.a(libc_a-malloc.o)
                0x100049b0                free
 .text._malloc_r
                0x100049c0      0x598 C:/Program Files (x86)/Arm GNU Toolchain arm-none-eabi/14.3 rel1/bin/../lib/gcc/arm-none-eabi/14.3.1/../../../../arm-none-eabi/lib/thumb/v7e-m+fp/softfp\libc.a(libc_a-mallocr.o)
                0x100049c0                _malloc_r
 .text.__malloc_lock
                0x10004f58        0xc C:/Program Files (x86)/Arm GNU Toolchain arm-none-eabi/14.3 rel1/bin/../lib/gcc/arm-none-eabi/14.3.1/../../../../arm-none-eabi/lib/thumb/v7e-m+fp/softfp\libc.a(libc_a-mlock.o)
                0x10004f58                __malloc_lock
 .text.__malloc_unlock
                0x10004f64        0xc C:/Program Files (x86)/Arm GNU Toolchain arm-none-eabi/14.3 rel1/bin/../lib/gcc/arm-none-eabi/14.3.1/../../../../arm-none-eabi/lib/thumb/v7e-m+fp/softfp\libc.a(libc_a-mlock.o)
                0x10004f64                __malloc_unlock
 .text.stdio_exit_handler
                0x10004f70       0x18 C:/Program Files (x86)/Arm GNU Toolchain arm-none-eabi/14.3 rel1/bin/../lib/gcc/arm-none-eabi/14.3.1/../../../../arm-none-eabi/lib/thumb/v7e-m+fp/softfp\libc.a(libc_a-findfp.o)
 .text.cleanup_stdio
                0x10004f88       0x40 C:/Program Files (x86)/Arm GNU Toolchain arm-none-eabi/14.3 rel1/bin/../lib/gcc/arm-none-eabi/14.3.1/../../../../arm-none-eabi/lib/thumb/v7e-m+fp/softfp\libc.a(libc_a-findfp.o)
 .text.global_stdio_init.part.0
                0x10004fc8       0xf0 C:/Program Files (x86)/Arm GNU Toolchain arm-none-eabi/14.3 rel1/bin/../lib/gcc/arm-none-eabi/14.3.1/../../../../arm-none-eabi/lib/thumb/v7e-m+fp/softfp\libc.a(libc_a-findfp.o)
 .text.__sinit  0x100050b8       0x3c C:/Program Files (x86)/Arm GNU Toolchain arm-none-eabi/14.3 rel1/bin/../lib/gcc/arm-none-eabi/14.3.1/../../../../arm-none-eabi/lib/thumb/v7e-m+fp/softfp\libc.a(libc_a-findfp.o)
                0x100050b8                __sinit
 .text.__sfp_lock_acquire
                0x100050f4        0xc C:/Program Files (x86)/Arm GNU Toolchain arm-none-eabi/14.3 rel1/bin/../lib/gcc/arm-none-eabi/14.3.1/../../../../arm-none-eabi/lib/thumb/v7e-m+fp/softfp\libc.a(libc_a-findfp.o)
                0x100050f4                __sfp_lock_acquire
 .text.__sfp_lock_release
                0x10005100        0xc C:/Program Files (x86)/Arm GNU Toolchain arm-none-eabi/14.3 rel1/bin/../lib/gcc/arm-none-eabi/14.3.1/../../../../arm-none-eabi/lib/thumb/v7e-m+fp/softfp\libc.a(libc_a-findfp.o)
                0x10005100                __sfp_lock_release
 .text._fwalk_sglue
                0x1000510c       0x44 C:/Program Files (x86)/Arm GNU Toolchain arm-none-eabi/14.3 rel1/bin/../lib/gcc/arm-none-eabi/14.3.1/../../../../arm-none-eabi/lib/thumb/v7e-m+fp/softfp\libc.a(libc_a-fwalk.o)
                0x1000510c                _fwalk_sglue
 .text.printf   0x10005150       0x28 C:/Program Files (x86)/Arm GNU Toolchain arm-none-eabi/14.3 rel1/bin/../lib/gcc/arm-none-eabi/14.3.1/../../../../arm-none-eabi/lib/thumb/v7e-m+fp/softfp\libc.a(libc_a-printf.o)
                0x10005150                printf
 .text._puts_r  0x10005178       0xbc C:/Program Files (x86)/Arm GNU Toolchain arm-none-eabi/14.3 rel1/bin/../lib/gcc/arm-none-eabi/14.3.1/../../../../arm-none-eabi/lib/thumb/v7e-m+fp/softfp\libc.a(libc_a-puts.o)
                0x10005178                _puts_r
 .text.puts     0x10005234       0x10 C:/Program Files (x86)/Arm GNU Toolchain arm-none-eabi/14.3 rel1/bin/../lib/gcc/arm-none-eabi/14.3.1/../../../../arm-none-eabi/lib/thumb/v7e-m+fp/softfp\libc.a(libc_a-puts.o)
                0x10005234                puts
 .text.snprintf
                0x10005244       0x90 C:/Program Files (x86)/Arm GNU Toolchain arm-none-eabi/14.3 rel1/bin/../lib/gcc/arm-none-eabi/14.3.1/../../../../arm-none-eabi/lib/thumb/v7e-m+fp/softfp\libc.a(libc_a-snprintf.o)
                0x10005244                snprintf
 .text.__sread  0x100052d4       0x24 C:/Program Files (x86)/Arm GNU Toolchain arm-none-eabi/14.3 rel1/bin/../lib/gcc/arm-none-eabi/14.3.1/../../../../arm-none-eabi/lib/thumb/v7e-m+fp/softfp\libc.a(libc_a-stdio.o)
                0x100052d4                __sread
 .text.__swrite
                0x100052f8       0x40 C:/Program Files (x86)/Arm GNU Toolchain arm-none-eabi/14.3 rel1/bin/../lib/gcc/arm-none-eabi/14.3.1/../../../../arm-none-eabi/lib/thumb/v7e-m+fp/softfp\libc.a(libc_a-stdio.o)
                0x100052f8                __swrite
 .text.__sseek  0x10005338       0x24 C:/Program Files (x86)/Arm GNU Toolchain arm-none-eabi/14.3 rel1/bin/../lib/gcc/arm-none-eabi/14.3.1/../../../../arm-none-eabi/lib/thumb/v7e-m+fp/softfp\libc.a(libc_a-stdio.o)
                0x10005338                __sseek
 .text.__sclose
                0x1000535c        0x8 C:/Program Files (x86)/Arm GNU Toolchain arm-none-eabi/14.3 rel1/bin/../lib/gcc/arm-none-eabi/14.3.1/../../../../arm-none-eabi/lib/thumb/v7e-m+fp/softfp\libc.a(libc_a-stdio.o)
                0x1000535c                __sclose
 .text.memset   0x10005364       0x9c C:/Program Files (x86)/Arm GNU Toolchain arm-none-eabi/14.3 rel1/bin/../lib/gcc/arm-none-eabi/14.3.1/../../../../arm-none-eabi/lib/thumb/v7e-m+fp/softfp\libc.a(libc_a-memset.o)
                0x10005364                memset
 .text._close_r
                0x10005400       0x24 C:/Program Files (x86)/Arm GNU Toolchain arm-none-eabi/14.3 rel1/bin/../lib/gcc/arm-none-eabi/14.3.1/../../../../arm-none-eabi/lib/thumb/v7e-m+fp/softfp\libc.a(libc_a-closer.o)
                0x10005400                _close_r
 .text._lseek_r
                0x10005424       0x2c C:/Program Files (x86)/Arm GNU Toolchain arm-none-eabi/14.3 rel1/bin/../lib/gcc/arm-none-eabi/14.3.1/../../../../arm-none-eabi/lib/thumb/v7e-m+fp/softfp\libc.a(libc_a-lseekr.o)
                0x10005424                _lseek_r
 .text._read_r  0x10005450       0x2c C:/Program Files (x86)/Arm GNU Toolchain arm-none-eabi/14.3 rel1/bin/../lib/gcc/arm-none-eabi/14.3.1/../../../../arm-none-eabi/lib/thumb/v7e-m+fp/softfp\libc.a(libc_a-readr.o)
                0x10005450                _read_r
 .text._sbrk_r  0x1000547c       0x24 C:/Program Files (x86)/Arm GNU Toolchain arm-none-eabi/14.3 rel1/bin/../lib/gcc/arm-none-eabi/14.3.1/../../../../arm-none-eabi/lib/thumb/v7e-m+fp/softfp\libc.a(libc_a-sbrkr.o)
                0x1000547c                _sbrk_r
 .text._write_r
                0x100054a0       0x2c C:/Program Files (x86)/Arm GNU Toolchain arm-none-eabi/14.3 rel1/bin/../lib/gcc/arm-none-eabi/14.3.1/../../../../arm-none-eabi/lib/thumb/v7e-m+fp/softfp\libc.a(libc_a-writer.o)
                0x100054a0                _write_r
 .text.__errno  0x100054cc        0xc C:/Program Files (x86)/Arm GNU Toolchain arm-none-eabi/14.3 rel1/bin/../lib/gcc/arm-none-eabi/14.3.1/../../../../arm-none-eabi/lib/thumb/v7e-m+fp/softfp\libc.a(libc_a-errno.o)
                0x100054cc                __errno
 .text.__libc_init_array
                0x100054d8       0x50 C:/Program Files (x86)/Arm GNU Toolchain arm-none-eabi/14.3 rel1/bin/../lib/gcc/arm-none-eabi/14.3.1/../../../../arm-none-eabi/lib/thumb/v7e-m+fp/softfp\libc.a(libc_a-init.o)
                0x100054d8                __libc_init_array
 .text.__retarget_lock_init_recursive
                0x10005528        0x4 C:/Program Files (x86)/Arm GNU Toolchain arm-none-eabi/14.3 rel1/bin/../lib/gcc/arm-none-eabi/14.3.1/../../../../arm-none-eabi/lib/thumb/v7e-m+fp/softfp\libc.a(libc_a-lock.o)
                0x10005528                __retarget_lock_init_recursive
 .text.__retarget_lock_close_recursive
                0x1000552c        0x4 C:/Program Files (x86)/Arm GNU Toolchain arm-none-eabi/14.3 rel1/bin/../lib/gcc/arm-none-eabi/14.3.1/../../../../arm-none-eabi/lib/thumb/v7e-m+fp/softfp\libc.a(libc_a-lock.o)
                0x1000552c                __retarget_lock_close_recursive
 .text.__retarget_lock_acquire_recursive
                0x10005530        0x4 C:/Program Files (x86)/Arm GNU Toolchain arm-none-eabi/14.3 rel1/bin/../lib/gcc/arm-none-eabi/14.3.1/../../../../arm-none-eabi/lib/thumb/v7e-m+fp/softfp\libc.a(libc_a-lock.o)
                0x10005530                __retarget_lock_acquire_recursive
 .text.__retarget_lock_release_recursive
                0x10005534        0x4 C:/Program Files (x86)/Arm GNU Toolchain arm-none-eabi/14.3 rel1/bin/../lib/gcc/arm-none-eabi/14.3.1/../../../../arm-none-eabi/lib/thumb/v7e-m+fp/softfp\libc.a(libc_a-lock.o)
                0x10005534                __retarget_lock_release_recursive
 .text.sysconf  0x10005538       0x1c C:/Program Files (x86)/Arm GNU Toolchain arm-none-eabi/14.3 rel1/bin/../lib/gcc/arm-none-eabi/14.3.1/../../../../arm-none-eabi/lib/thumb/v7e-m+fp/softfp\libc.a(libc_a-sysconf.o)
                0x10005538                sysconf
 .text          0x10005554      0x134 C:/Program Files (x86)/Arm GNU Toolchain arm-none-eabi/14.3 rel1/bin/../lib/gcc/arm-none-eabi/14.3.1/../../../../arm-none-eabi/lib/thumb/v7e-m+fp/softfp\libc.a(libc_a-memcpy.o)
                0x10005554                memcpy
 *fill*         0x10005688       0x38 
 .text          0x100056c0       0xd8 C:/Program Files (x86)/Arm GNU Toolchain arm-none-eabi/14.3 rel1/bin/../lib/gcc/arm-none-eabi/14.3.1/../../../../arm-none-eabi/lib/thumb/v7e-m+fp/softfp\libc.a(libc_a-strlen.o)
                0x100056c0                strlen
 .text.startup.register_fini
                0x10005798       0x14 C:/Program Files (x86)/Arm GNU Toolchain arm-none-eabi/14.3 rel1/bin/../lib/gcc/arm-none-eabi/14.3.1/../../../../arm-none-eabi/lib/thumb/v7e-m+fp/softfp\libc.a(libc_a-__call_atexit.o)
 .text.atexit   0x100057ac        0xc C:/Program Files (x86)/Arm GNU Toolchain arm-none-eabi/14.3 rel1/bin/../lib/gcc/arm-none-eabi/14.3.1/../../../../arm-none-eabi/lib/thumb/v7e-m+fp/softfp\libc.a(libc_a-atexit.o)
                0x100057ac                atexit
 .text._malloc_trim_r
                0x100057b8       0xb8 C:/Program Files (x86)/Arm GNU Toolchain arm-none-eabi/14.3 rel1/bin/../lib/gcc/arm-none-eabi/14.3.1/../../../../arm-none-eabi/lib/thumb/v7e-m+fp/softfp\libc.a(libc_a-freer.o)
                0x100057b8                _malloc_trim_r
 .text._free_r  0x10005870      0x1f0 C:/Program Files (x86)/Arm GNU Toolchain arm-none-eabi/14.3 rel1/bin/../lib/gcc/arm-none-eabi/14.3.1/../../../../arm-none-eabi/lib/thumb/v7e-m+fp/softfp\libc.a(libc_a-freer.o)
                0x10005870                _free_r
 .text._svfprintf_r
                0x10005a60     0x21f0 C:/Program Files (x86)/Arm GNU Toolchain arm-none-eabi/14.3 rel1/bin/../lib/gcc/arm-none-eabi/14.3.1/../../../../arm-none-eabi/lib/thumb/v7e-m+fp/softfp\libc.a(libc_a-svfprintf.o)
                0x10005a60                _svfprintf_r
 .text._vfprintf_r
                0x10007c50     0x2320 C:/Program Files (x86)/Arm GNU Toolchain arm-none-eabi/14.3 rel1/bin/../lib/gcc/arm-none-eabi/14.3.1/../../../../arm-none-eabi/lib/thumb/v7e-m+fp/softfp\libc.a(libc_a-vfprintf.o)
                0x10007c50                _vfprintf_r
 .text.__sbprintf
                0x10009f70       0x84 C:/Program Files (x86)/Arm GNU Toolchain arm-none-eabi/14.3 rel1/bin/../lib/gcc/arm-none-eabi/14.3.1/../../../../arm-none-eabi/lib/thumb/v7e-m+fp/softfp\libc.a(libc_a-vfprintf.o)
 .text.__sprint_r
                0x10009ff4       0x20 C:/Program Files (x86)/Arm GNU Toolchain arm-none-eabi/14.3 rel1/bin/../lib/gcc/arm-none-eabi/14.3.1/../../../../arm-none-eabi/lib/thumb/v7e-m+fp/softfp\libc.a(libc_a-sprint_r.o)
                0x10009ff4                __sprint_r
 .text.__ssprint_r
                0x1000a014       0x58 C:/Program Files (x86)/Arm GNU Toolchain arm-none-eabi/14.3 rel1/bin/../lib/gcc/arm-none-eabi/14.3.1/../../../../arm-none-eabi/lib/thumb/v7e-m+fp/softfp\libc.a(libc_a-ssprint_r.o)
                0x1000a014                __ssprint_r
 .text._fclose_r
                0x1000a06c       0xc0 C:/Program Files (x86)/Arm GNU Toolchain arm-none-eabi/14.3 rel1/bin/../lib/gcc/arm-none-eabi/14.3.1/../../../../arm-none-eabi/lib/thumb/v7e-m+fp/softfp\libc.a(libc_a-fclose.o)
                0x1000a06c                _fclose_r
 .text.__sflush_r
                0x1000a12c      0x138 C:/Program Files (x86)/Arm GNU Toolchain arm-none-eabi/14.3 rel1/bin/../lib/gcc/arm-none-eabi/14.3.1/../../../../arm-none-eabi/lib/thumb/v7e-m+fp/softfp\libc.a(libc_a-fflush.o)
                0x1000a12c                __sflush_r
 .text._fflush_r
                0x1000a264       0x54 C:/Program Files (x86)/Arm GNU Toolchain arm-none-eabi/14.3 rel1/bin/../lib/gcc/arm-none-eabi/14.3.1/../../../../arm-none-eabi/lib/thumb/v7e-m+fp/softfp\libc.a(libc_a-fflush.o)
                0x1000a264                _fflush_r
 .text.__sfvwrite_r
                0x1000a2b8      0x2ec C:/Program Files (x86)/Arm GNU Toolchain arm-none-eabi/14.3 rel1/bin/../lib/gcc/arm-none-eabi/14.3.1/../../../../arm-none-eabi/lib/thumb/v7e-m+fp/softfp\libc.a(libc_a-fvwrite.o)
                0x1000a2b8                __sfvwrite_r
 .text.__swsetup_r
                0x1000a5a4       0xfc C:/Program Files (x86)/Arm GNU Toolchain arm-none-eabi/14.3 rel1/bin/../lib/gcc/arm-none-eabi/14.3.1/../../../../arm-none-eabi/lib/thumb/v7e-m+fp/softfp\libc.a(libc_a-wsetup.o)
                0x1000a5a4                __swsetup_r
 .text.memmove  0x1000a6a0      0x130 C:/Program Files (x86)/Arm GNU Toolchain arm-none-eabi/14.3 rel1/bin/../lib/gcc/arm-none-eabi/14.3.1/../../../../arm-none-eabi/lib/thumb/v7e-m+fp/softfp\libc.a(libc_a-memmove.o)
                0x1000a6a0                memmove
 .text.strncpy  0x1000a7d0       0x68 C:/Program Files (x86)/Arm GNU Toolchain arm-none-eabi/14.3 rel1/bin/../lib/gcc/arm-none-eabi/14.3.1/../../../../arm-none-eabi/lib/thumb/v7e-m+fp/softfp\libc.a(libc_a-strncpy.o)
                0x1000a7d0                strncpy
 .text.__locale_mb_cur_max
                0x1000a838        0xc C:/Program Files (x86)/Arm GNU Toolchain arm-none-eabi/14.3 rel1/bin/../lib/gcc/arm-none-eabi/14.3.1/../../../../arm-none-eabi/lib/thumb/v7e-m+fp/softfp\libc.a(libc_a-locale.o)
                0x1000a838                __locale_mb_cur_max
 .text._localeconv_r
                0x1000a844        0x8 C:/Program Files (x86)/Arm GNU Toolchain arm-none-eabi/14.3 rel1/bin/../lib/gcc/arm-none-eabi/14.3.1/../../../../arm-none-eabi/lib/thumb/v7e-m+fp/softfp\libc.a(libc_a-localeconv.o)
                0x1000a844                _localeconv_r
 .text.__libc_fini_array
                0x1000a84c       0x28 C:/Program Files (x86)/Arm GNU Toolchain arm-none-eabi/14.3 rel1/bin/../lib/gcc/arm-none-eabi/14.3.1/../../../../arm-none-eabi/lib/thumb/v7e-m+fp/softfp\libc.a(libc_a-fini.o)
                0x1000a84c                __libc_fini_array
 *fill*         0x1000a874        0xc 
 .text          0x1000a880       0xa0 C:/Program Files (x86)/Arm GNU Toolchain arm-none-eabi/14.3 rel1/bin/../lib/gcc/arm-none-eabi/14.3.1/../../../../arm-none-eabi/lib/thumb/v7e-m+fp/softfp\libc.a(libc_a-memchr.o)
                0x1000a880                memchr
 .text.frexp    0x1000a920       0x6c C:/Program Files (x86)/Arm GNU Toolchain arm-none-eabi/14.3 rel1/bin/../lib/gcc/arm-none-eabi/14.3.1/../../../../arm-none-eabi/lib/thumb/v7e-m+fp/softfp\libc.a(libm_a-s_frexp.o)
                0x1000a920                frexp
 .text.__register_exitproc
                0x1000a98c       0x80 C:/Program Files (x86)/Arm GNU Toolchain arm-none-eabi/14.3 rel1/bin/../lib/gcc/arm-none-eabi/14.3.1/../../../../arm-none-eabi/lib/thumb/v7e-m+fp/softfp\libc.a(libc_a-__atexit.o)
                0x1000a98c                __register_exitproc
 .text.quorem   0x1000aa0c      0x12c C:/Program Files (x86)/Arm GNU Toolchain arm-none-eabi/14.3 rel1/bin/../lib/gcc/arm-none-eabi/14.3.1/../../../../arm-none-eabi/lib/thumb/v7e-m+fp/softfp\libc.a(libc_a-dtoa.o)
 .text._dtoa_r  0x1000ab38     0x1034 C:/Program Files (x86)/Arm GNU Toolchain arm-none-eabi/14.3 rel1/bin/../lib/gcc/arm-none-eabi/14.3.1/../../../../arm-none-eabi/lib/thumb/v7e-m+fp/softfp\libc.a(libc_a-dtoa.o)
                0x1000ab38                _dtoa_r
 .text.__ascii_mbtowc
                0x1000bb6c       0x2c C:/Program Files (x86)/Arm GNU Toolchain arm-none-eabi/14.3 rel1/bin/../lib/gcc/arm-none-eabi/14.3.1/../../../../arm-none-eabi/lib/thumb/v7e-m+fp/softfp\libc.a(libc_a-mbtowc_r.o)
                0x1000bb6c                __ascii_mbtowc
 .text._Balloc  0x1000bb98       0x4c C:/Program Files (x86)/Arm GNU Toolchain arm-none-eabi/14.3 rel1/bin/../lib/gcc/arm-none-eabi/14.3.1/../../../../arm-none-eabi/lib/thumb/v7e-m+fp/softfp\libc.a(libc_a-mprec.o)
                0x1000bb98                _Balloc
 .text._Bfree   0x1000bbe4       0x14 C:/Program Files (x86)/Arm GNU Toolchain arm-none-eabi/14.3 rel1/bin/../lib/gcc/arm-none-eabi/14.3.1/../../../../arm-none-eabi/lib/thumb/v7e-m+fp/softfp\libc.a(libc_a-mprec.o)
                0x1000bbe4                _Bfree
 .text.__multadd
                0x1000bbf8       0xa0 C:/Program Files (x86)/Arm GNU Toolchain arm-none-eabi/14.3 rel1/bin/../lib/gcc/arm-none-eabi/14.3.1/../../../../arm-none-eabi/lib/thumb/v7e-m+fp/softfp\libc.a(libc_a-mprec.o)
                0x1000bbf8                __multadd
 .text.__hi0bits
                0x1000bc98       0x54 C:/Program Files (x86)/Arm GNU Toolchain arm-none-eabi/14.3 rel1/bin/../lib/gcc/arm-none-eabi/14.3.1/../../../../arm-none-eabi/lib/thumb/v7e-m+fp/softfp\libc.a(libc_a-mprec.o)
                0x1000bc98                __hi0bits
 .text.__lo0bits
                0x1000bcec       0x80 C:/Program Files (x86)/Arm GNU Toolchain arm-none-eabi/14.3 rel1/bin/../lib/gcc/arm-none-eabi/14.3.1/../../../../arm-none-eabi/lib/thumb/v7e-m+fp/softfp\libc.a(libc_a-mprec.o)
                0x1000bcec                __lo0bits
 .text.__i2b    0x1000bd6c       0x5c C:/Program Files (x86)/Arm GNU Toolchain arm-none-eabi/14.3 rel1/bin/../lib/gcc/arm-none-eabi/14.3.1/../../../../arm-none-eabi/lib/thumb/v7e-m+fp/softfp\libc.a(libc_a-mprec.o)
                0x1000bd6c                __i2b
 .text.__multiply
                0x1000bdc8      0x16c C:/Program Files (x86)/Arm GNU Toolchain arm-none-eabi/14.3 rel1/bin/../lib/gcc/arm-none-eabi/14.3.1/../../../../arm-none-eabi/lib/thumb/v7e-m+fp/softfp\libc.a(libc_a-mprec.o)
                0x1000bdc8                __multiply
 .text.__pow5mult
                0x1000bf34       0xc0 C:/Program Files (x86)/Arm GNU Toolchain arm-none-eabi/14.3 rel1/bin/../lib/gcc/arm-none-eabi/14.3.1/../../../../arm-none-eabi/lib/thumb/v7e-m+fp/softfp\libc.a(libc_a-mprec.o)
                0x1000bf34                __pow5mult
 .text.__lshift
                0x1000bff4       0xe8 C:/Program Files (x86)/Arm GNU Toolchain arm-none-eabi/14.3 rel1/bin/../lib/gcc/arm-none-eabi/14.3.1/../../../../arm-none-eabi/lib/thumb/v7e-m+fp/softfp\libc.a(libc_a-mprec.o)
                0x1000bff4                __lshift
 .text.__mcmp   0x1000c0dc       0x44 C:/Program Files (x86)/Arm GNU Toolchain arm-none-eabi/14.3 rel1/bin/../lib/gcc/arm-none-eabi/14.3.1/../../../../arm-none-eabi/lib/thumb/v7e-m+fp/softfp\libc.a(libc_a-mprec.o)
                0x1000c0dc                __mcmp
 .text.__mdiff  0x1000c120      0x174 C:/Program Files (x86)/Arm GNU Toolchain arm-none-eabi/14.3 rel1/bin/../lib/gcc/arm-none-eabi/14.3.1/../../../../arm-none-eabi/lib/thumb/v7e-m+fp/softfp\libc.a(libc_a-mprec.o)
                0x1000c120                __mdiff
 .text.__d2b    0x1000c294       0xb8 C:/Program Files (x86)/Arm GNU Toolchain arm-none-eabi/14.3 rel1/bin/../lib/gcc/arm-none-eabi/14.3.1/../../../../arm-none-eabi/lib/thumb/v7e-m+fp/softfp\libc.a(libc_a-mprec.o)
                0x1000c294                __d2b
 .text._realloc_r
                0x1000c34c      0x348 C:/Program Files (x86)/Arm GNU Toolchain arm-none-eabi/14.3 rel1/bin/../lib/gcc/arm-none-eabi/14.3.1/../../../../arm-none-eabi/lib/thumb/v7e-m+fp/softfp\libc.a(libc_a-reallocr.o)
                0x1000c34c                _realloc_r
 .text.__ascii_wctomb
                0x1000c694       0x1c C:/Program Files (x86)/Arm GNU Toolchain arm-none-eabi/14.3 rel1/bin/../lib/gcc/arm-none-eabi/14.3.1/../../../../arm-none-eabi/lib/thumb/v7e-m+fp/softfp\libc.a(libc_a-wctomb_r.o)
                0x1000c694                __ascii_wctomb
 .text._wcrtomb_r
                0x1000c6b0       0x4c C:/Program Files (x86)/Arm GNU Toolchain arm-none-eabi/14.3 rel1/bin/../lib/gcc/arm-none-eabi/14.3.1/../../../../arm-none-eabi/lib/thumb/v7e-m+fp/softfp\libc.a(libc_a-wcrtomb.o)
                0x1000c6b0                _wcrtomb_r
 .text._wcsrtombs_r
                0x1000c6fc       0x18 C:/Program Files (x86)/Arm GNU Toolchain arm-none-eabi/14.3 rel1/bin/../lib/gcc/arm-none-eabi/14.3.1/../../../../arm-none-eabi/lib/thumb/v7e-m+fp/softfp\libc.a(libc_a-wcsrtombs.o)
                0x1000c6fc                _wcsrtombs_r
 .text.__ssputs_r
                0x1000c714       0xc0 C:/Program Files (x86)/Arm GNU Toolchain arm-none-eabi/14.3 rel1/bin/../lib/gcc/arm-none-eabi/14.3.1/../../../../arm-none-eabi/lib/thumb/v7e-m+fp/softfp\libc.a(libc_a-ssputs_r.o)
                0x1000c714                __ssputs_r
 .text.__smakebuf_r
                0x1000c7d4       0xd0 C:/Program Files (x86)/Arm GNU Toolchain arm-none-eabi/14.3 rel1/bin/../lib/gcc/arm-none-eabi/14.3.1/../../../../arm-none-eabi/lib/thumb/v7e-m+fp/softfp\libc.a(libc_a-makebuf.o)
                0x1000c7d4                __smakebuf_r
 .text._fstat_r
                0x1000c8a4       0x2c C:/Program Files (x86)/Arm GNU Toolchain arm-none-eabi/14.3 rel1/bin/../lib/gcc/arm-none-eabi/14.3.1/../../../../arm-none-eabi/lib/thumb/v7e-m+fp/softfp\libc.a(libc_a-fstatr.o)
                0x1000c8a4                _fstat_r
 .text._isatty_r
                0x1000c8d0       0x24 C:/Program Files (x86)/Arm GNU Toolchain arm-none-eabi/14.3 rel1/bin/../lib/gcc/arm-none-eabi/14.3.1/../../../../arm-none-eabi/lib/thumb/v7e-m+fp/softfp\libc.a(libc_a-isattyr.o)
                0x1000c8d0                _isatty_r
 .text.__assert_func
                0x1000c8f4       0x40 C:/Program Files (x86)/Arm GNU Toolchain arm-none-eabi/14.3 rel1/bin/../lib/gcc/arm-none-eabi/14.3.1/../../../../arm-none-eabi/lib/thumb/v7e-m+fp/softfp\libc.a(libc_a-assert.o)
                0x1000c8f4                __assert_func
 .text._calloc_r
                0x1000c934       0x6c C:/Program Files (x86)/Arm GNU Toolchain arm-none-eabi/14.3 rel1/bin/../lib/gcc/arm-none-eabi/14.3.1/../../../../arm-none-eabi/lib/thumb/v7e-m+fp/softfp\libc.a(libc_a-callocr.o)
                0x1000c934                _calloc_r
 .text._wcsnrtombs_l
                0x1000c9a0       0xf0 C:/Program Files (x86)/Arm GNU Toolchain arm-none-eabi/14.3 rel1/bin/../lib/gcc/arm-none-eabi/14.3.1/../../../../arm-none-eabi/lib/thumb/v7e-m+fp/softfp\libc.a(libc_a-wcsnrtombs.o)
                0x1000c9a0                _wcsnrtombs_l
 .text._wcsnrtombs_r
                0x1000ca90       0x24 C:/Program Files (x86)/Arm GNU Toolchain arm-none-eabi/14.3 rel1/bin/../lib/gcc/arm-none-eabi/14.3.1/../../../../arm-none-eabi/lib/thumb/v7e-m+fp/softfp\libc.a(libc_a-wcsnrtombs.o)
                0x1000ca90                _wcsnrtombs_r
 .text.fiprintf
                0x1000cab4       0x28 C:/Program Files (x86)/Arm GNU Toolchain arm-none-eabi/14.3 rel1/bin/../lib/gcc/arm-none-eabi/14.3.1/../../../../arm-none-eabi/lib/thumb/v7e-m+fp/softfp\libc.a(libc_a-fiprintf.o)
                0x1000cab4                fiprintf
 .text._vfiprintf_r
                0x1000cadc     0x1288 C:/Program Files (x86)/Arm GNU Toolchain arm-none-eabi/14.3 rel1/bin/../lib/gcc/arm-none-eabi/14.3.1/../../../../arm-none-eabi/lib/thumb/v7e-m+fp/softfp\libc.a(libc_a-vfiprintf.o)
                0x1000cadc                _vfiprintf_r
 .text.__sbprintf
                0x1000dd64       0x84 C:/Program Files (x86)/Arm GNU Toolchain arm-none-eabi/14.3 rel1/bin/../lib/gcc/arm-none-eabi/14.3.1/../../../../arm-none-eabi/lib/thumb/v7e-m+fp/softfp\libc.a(libc_a-vfiprintf.o)
 .text.abort    0x1000dde8       0x10 C:/Program Files (x86)/Arm GNU Toolchain arm-none-eabi/14.3 rel1/bin/../lib/gcc/arm-none-eabi/14.3.1/../../../../arm-none-eabi/lib/thumb/v7e-m+fp/softfp\libc.a(libc_a-abort.o)
                0x1000dde8                abort
 .text.raise    0x1000ddf8       0x58 C:/Program Files (x86)/Arm GNU Toolchain arm-none-eabi/14.3 rel1/bin/../lib/gcc/arm-none-eabi/14.3.1/../../../../arm-none-eabi/lib/thumb/v7e-m+fp/softfp\libc.a(libc_a-signal.o)
                0x1000ddf8                raise
 .text._kill_r  0x1000de50       0x2c C:/Program Files (x86)/Arm GNU Toolchain arm-none-eabi/14.3 rel1/bin/../lib/gcc/arm-none-eabi/14.3.1/../../../../arm-none-eabi/lib/thumb/v7e-m+fp/softfp\libc.a(libc_a-signalr.o)
                0x1000de50                _kill_r
 .text._getpid_r
                0x1000de7c        0x4 C:/Program Files (x86)/Arm GNU Toolchain arm-none-eabi/14.3 rel1/bin/../lib/gcc/arm-none-eabi/14.3.1/../../../../arm-none-eabi/lib/thumb/v7e-m+fp/softfp\libc.a(libc_a-signalr.o)
                0x1000de7c                _getpid_r
 .text._exit    0x1000de80        0x4 C:/Program Files (x86)/Arm GNU Toolchain arm-none-eabi/14.3 rel1/bin/../lib/gcc/arm-none-eabi/14.3.1/../../../../arm-none-eabi/lib/thumb/v7e-m+fp/softfp\libnosys.a(_exit.o)
                0x1000de80                _exit
 .text          0x1000de84      0x378 C:/Program Files (x86)/Arm GNU Toolchain arm-none-eabi/14.3 rel1/bin/../lib/gcc/arm-none-eabi/14.3.1/thumb/v7e-m+fp/softfp\libgcc.a(_arm_addsubdf3.o)
                0x1000de84                __aeabi_drsub
                0x1000de8c                __aeabi_dsub
                0x1000de8c                __subdf3
                0x1000de90                __aeabi_dadd
                0x1000de90                __adddf3
                0x1000e108                __floatunsidf
                0x1000e108                __aeabi_ui2d
                0x1000e128                __floatsidf
                0x1000e128                __aeabi_i2d
                0x1000e14c                __aeabi_f2d
                0x1000e14c                __extendsfdf2
                0x1000e190                __floatundidf
                0x1000e190                __aeabi_ul2d
                0x1000e1a0                __floatdidf
                0x1000e1a0                __aeabi_l2d
 .text          0x1000e1fc      0x424 C:/Program Files (x86)/Arm GNU Toolchain arm-none-eabi/14.3 rel1/bin/../lib/gcc/arm-none-eabi/14.3.1/thumb/v7e-m+fp/softfp\libgcc.a(_arm_muldivdf3.o)
                0x1000e1fc                __aeabi_dmul
                0x1000e1fc                __muldf3
                0x1000e450                __divdf3
                0x1000e450                __aeabi_ddiv
 .text          0x1000e620      0x110 C:/Program Files (x86)/Arm GNU Toolchain arm-none-eabi/14.3 rel1/bin/../lib/gcc/arm-none-eabi/14.3.1/thumb/v7e-m+fp/softfp\libgcc.a(_arm_cmpdf2.o)
                0x1000e620                __gtdf2
                0x1000e620                __gedf2
                0x1000e628                __ltdf2
                0x1000e628                __ledf2
                0x1000e630                __nedf2
                0x1000e630                __eqdf2
                0x1000e630                __cmpdf2
                0x1000e6ac                __aeabi_cdrcmple
                0x1000e6bc                __aeabi_cdcmpeq
                0x1000e6bc                __aeabi_cdcmple
                0x1000e6cc                __aeabi_dcmpeq
                0x1000e6e0                __aeabi_dcmplt
                0x1000e6f4                __aeabi_dcmple
                0x1000e708                __aeabi_dcmpge
                0x1000e71c                __aeabi_dcmpgt
 .text          0x1000e730       0x2c C:/Program Files (x86)/Arm GNU Toolchain arm-none-eabi/14.3 rel1/bin/../lib/gcc/arm-none-eabi/14.3.1/thumb/v7e-m+fp/softfp\libgcc.a(_arm_unorddf2.o)
                0x1000e730                __unorddf2
                0x1000e730                __aeabi_dcmpun
 .text          0x1000e75c       0x50 C:/Program Files (x86)/Arm GNU Toolchain arm-none-eabi/14.3 rel1/bin/../lib/gcc/arm-none-eabi/14.3.1/thumb/v7e-m+fp/softfp\libgcc.a(_arm_fixdfsi.o)
                0x1000e75c                __aeabi_d2iz
                0x1000e75c                __fixdfsi
 .text          0x1000e7ac       0xa0 C:/Program Files (x86)/Arm GNU Toolchain arm-none-eabi/14.3 rel1/bin/../lib/gcc/arm-none-eabi/14.3.1/thumb/v7e-m+fp/softfp\libgcc.a(_aeabi_ldivmod.o)
                0x1000e7ac                __aeabi_ldivmod
 .text          0x1000e84c       0x30 C:/Program Files (x86)/Arm GNU Toolchain arm-none-eabi/14.3 rel1/bin/../lib/gcc/arm-none-eabi/14.3.1/thumb/v7e-m+fp/softfp\libgcc.a(_aeabi_uldivmod.o)
                0x1000e84c                __aeabi_uldivmod
 .text.__udivmoddi4
                0x1000e87c      0x2f8 C:/Program Files (x86)/Arm GNU Toolchain arm-none-eabi/14.3 rel1/bin/../lib/gcc/arm-none-eabi/14.3.1/thumb/v7e-m+fp/softfp\libgcc.a(_udivmoddi4.o)
                0x1000e87c                __udivmoddi4
 .text          0x1000eb74        0x4 C:/Program Files (x86)/Arm GNU Toolchain arm-none-eabi/14.3 rel1/bin/../lib/gcc/arm-none-eabi/14.3.1/thumb/v7e-m+fp/softfp\libgcc.a(_dvmd_tls.o)
                0x1000eb74                __aeabi_idiv0
                0x1000eb74                __aeabi_ldiv0
 *(.rodata*)
 .rodata.kernels
                0x1000eb78     0xe534 C:/MaximSDK/Examples/MAX78000/CNN/eyes/build/cnn.o
 .rodata.main.str1.4
                0x1001d0ac      0x5a3 C:/MaximSDK/Examples/MAX78000/CNN/eyes/build/main.o
                                 0x89 (size before relaxing)
 .rodata.mxc_assert.str1.4
                0x1001d64f       0x19 C:/MaximSDK/Examples/MAX78000/CNN/eyes/build/board.o
 .rodata.Board_Init.str1.4
                0x1001d64f       0x45 C:/MaximSDK/Examples/MAX78000/CNN/eyes/build/board.o
 *fill*         0x1001d64f        0x1 
 .rodata.num_leds
                0x1001d650        0x4 C:/MaximSDK/Examples/MAX78000/CNN/eyes/build/board.o
                0x1001d650                num_leds
 .rodata.led_pin
                0x1001d654       0x18 C:/MaximSDK/Examples/MAX78000/CNN/eyes/build/board.o
                0x1001d654                led_pin
 .rodata.num_pbs
                0x1001d66c        0x4 C:/MaximSDK/Examples/MAX78000/CNN/eyes/build/board.o
                0x1001d66c                num_pbs
 .rodata.pb_pin
                0x1001d670       0x18 C:/MaximSDK/Examples/MAX78000/CNN/eyes/build/board.o
                0x1001d670                pb_pin
 .rodata        0x1001d688       0x54 C:/MaximSDK/Examples/MAX78000/CNN/eyes/build/board.o
 .rodata.LED_On.str1.4
                0x1001d6dc       0x3b C:/MaximSDK/Examples/MAX78000/CNN/eyes/build/led.o
 .rodata.PB_IntEnable.str1.4
                0x1001d6dc       0x41 C:/MaximSDK/Examples/MAX78000/CNN/eyes/build/pb.o
 .rodata.camera_setup.str1.4
                0x1001d6dc       0x1b C:/MaximSDK/Examples/MAX78000/CNN/eyes/build/camera.o
 .rodata.dump_registers.str1.4
                0x1001d6dc       0x12 C:/MaximSDK/Examples/MAX78000/CNN/eyes/build/ov7692.o
 .rodata.default_regs
                0x1001d6dc       0x5e C:/MaximSDK/Examples/MAX78000/CNN/eyes/build/ov7692.o
 *fill*         0x1001d73a        0x2 
 .rodata.gpio_cfg_sda
                0x1001d73c        0xc C:/MaximSDK/Examples/MAX78000/CNN/eyes/build/sccb.o
 .rodata.gpio_cfg_scl
                0x1001d748        0xc C:/MaximSDK/Examples/MAX78000/CNN/eyes/build/sccb.o
 .rodata.gpio_cfg_pcif_xclk
                0x1001d754        0xc C:/MaximSDK/Libraries/PeriphDrivers/bin/MAX78000/spi-v1_softfp/libPeriphDriver_spi-v1_softfp.a(pins_ai85.o)
                0x1001d754                gpio_cfg_pcif_xclk
 .rodata.gpio_cfg_pcif_vsync
                0x1001d760        0xc C:/MaximSDK/Libraries/PeriphDrivers/bin/MAX78000/spi-v1_softfp/libPeriphDriver_spi-v1_softfp.a(pins_ai85.o)
                0x1001d760                gpio_cfg_pcif_vsync
 .rodata.gpio_cfg_pcif_hsync
                0x1001d76c        0xc C:/MaximSDK/Libraries/PeriphDrivers/bin/MAX78000/spi-v1_softfp/libPeriphDriver_spi-v1_softfp.a(pins_ai85.o)
                0x1001d76c                gpio_cfg_pcif_hsync
 .rodata.gpio_cfg_pcif_P1_BITS_10_11
                0x1001d778        0xc C:/MaximSDK/Libraries/PeriphDrivers/bin/MAX78000/spi-v1_softfp/libPeriphDriver_spi-v1_softfp.a(pins_ai85.o)
                0x1001d778                gpio_cfg_pcif_P1_BITS_10_11
 .rodata.gpio_cfg_pcif_P0_BITS_8_9
                0x1001d784        0xc C:/MaximSDK/Libraries/PeriphDrivers/bin/MAX78000/spi-v1_softfp/libPeriphDriver_spi-v1_softfp.a(pins_ai85.o)
                0x1001d784                gpio_cfg_pcif_P0_BITS_8_9
 .rodata.gpio_cfg_pcif_P0_BITS_0_7
                0x1001d790        0xc C:/MaximSDK/Libraries/PeriphDrivers/bin/MAX78000/spi-v1_softfp/libPeriphDriver_spi-v1_softfp.a(pins_ai85.o)
                0x1001d790                gpio_cfg_pcif_P0_BITS_0_7
 .rodata.gpio_cfg_pt3
                0x1001d79c        0xc C:/MaximSDK/Libraries/PeriphDrivers/bin/MAX78000/spi-v1_softfp/libPeriphDriver_spi-v1_softfp.a(pins_ai85.o)
                0x1001d79c                gpio_cfg_pt3
 .rodata.gpio_cfg_pt2
                0x1001d7a8        0xc C:/MaximSDK/Libraries/PeriphDrivers/bin/MAX78000/spi-v1_softfp/libPeriphDriver_spi-v1_softfp.a(pins_ai85.o)
                0x1001d7a8                gpio_cfg_pt2
 .rodata.gpio_cfg_pt1
                0x1001d7b4        0xc C:/MaximSDK/Libraries/PeriphDrivers/bin/MAX78000/spi-v1_softfp/libPeriphDriver_spi-v1_softfp.a(pins_ai85.o)
                0x1001d7b4                gpio_cfg_pt1
 .rodata.gpio_cfg_pt0
                0x1001d7c0        0xc C:/MaximSDK/Libraries/PeriphDrivers/bin/MAX78000/spi-v1_softfp/libPeriphDriver_spi-v1_softfp.a(pins_ai85.o)
                0x1001d7c0                gpio_cfg_pt0
 .rodata.gpio_cfg_tmr5
                0x1001d7cc        0xc C:/MaximSDK/Libraries/PeriphDrivers/bin/MAX78000/spi-v1_softfp/libPeriphDriver_spi-v1_softfp.a(pins_ai85.o)
                0x1001d7cc                gpio_cfg_tmr5
 .rodata.gpio_cfg_tmr4
                0x1001d7d8        0xc C:/MaximSDK/Libraries/PeriphDrivers/bin/MAX78000/spi-v1_softfp/libPeriphDriver_spi-v1_softfp.a(pins_ai85.o)
                0x1001d7d8                gpio_cfg_tmr4
 .rodata.gpio_cfg_tmr3b
                0x1001d7e4        0xc C:/MaximSDK/Libraries/PeriphDrivers/bin/MAX78000/spi-v1_softfp/libPeriphDriver_spi-v1_softfp.a(pins_ai85.o)
                0x1001d7e4                gpio_cfg_tmr3b
 .rodata.gpio_cfg_tmr2b
                0x1001d7f0        0xc C:/MaximSDK/Libraries/PeriphDrivers/bin/MAX78000/spi-v1_softfp/libPeriphDriver_spi-v1_softfp.a(pins_ai85.o)
                0x1001d7f0                gpio_cfg_tmr2b
 .rodata.gpio_cfg_tmr1b
                0x1001d7fc        0xc C:/MaximSDK/Libraries/PeriphDrivers/bin/MAX78000/spi-v1_softfp/libPeriphDriver_spi-v1_softfp.a(pins_ai85.o)
                0x1001d7fc                gpio_cfg_tmr1b
 .rodata.gpio_cfg_tmr0b
                0x1001d808        0xc C:/MaximSDK/Libraries/PeriphDrivers/bin/MAX78000/spi-v1_softfp/libPeriphDriver_spi-v1_softfp.a(pins_ai85.o)
                0x1001d808                gpio_cfg_tmr0b
 .rodata.gpio_cfg_tmr3
                0x1001d814        0xc C:/MaximSDK/Libraries/PeriphDrivers/bin/MAX78000/spi-v1_softfp/libPeriphDriver_spi-v1_softfp.a(pins_ai85.o)
                0x1001d814                gpio_cfg_tmr3
 .rodata.gpio_cfg_tmr2
                0x1001d820        0xc C:/MaximSDK/Libraries/PeriphDrivers/bin/MAX78000/spi-v1_softfp/libPeriphDriver_spi-v1_softfp.a(pins_ai85.o)
                0x1001d820                gpio_cfg_tmr2
 .rodata.gpio_cfg_tmr1
                0x1001d82c        0xc C:/MaximSDK/Libraries/PeriphDrivers/bin/MAX78000/spi-v1_softfp/libPeriphDriver_spi-v1_softfp.a(pins_ai85.o)
                0x1001d82c                gpio_cfg_tmr1
 .rodata.gpio_cfg_tmr0
                0x1001d838        0xc C:/MaximSDK/Libraries/PeriphDrivers/bin/MAX78000/spi-v1_softfp/libPeriphDriver_spi-v1_softfp.a(pins_ai85.o)
                0x1001d838                gpio_cfg_tmr0
 .rodata.gpio_cfg_uart3
                0x1001d844        0xc C:/MaximSDK/Libraries/PeriphDrivers/bin/MAX78000/spi-v1_softfp/libPeriphDriver_spi-v1_softfp.a(pins_ai85.o)
                0x1001d844                gpio_cfg_uart3
 .rodata.gpio_cfg_uart2
                0x1001d850        0xc C:/MaximSDK/Libraries/PeriphDrivers/bin/MAX78000/spi-v1_softfp/libPeriphDriver_spi-v1_softfp.a(pins_ai85.o)
                0x1001d850                gpio_cfg_uart2
 .rodata.gpio_cfg_uart1
                0x1001d85c        0xc C:/MaximSDK/Libraries/PeriphDrivers/bin/MAX78000/spi-v1_softfp/libPeriphDriver_spi-v1_softfp.a(pins_ai85.o)
                0x1001d85c                gpio_cfg_uart1
 .rodata.gpio_cfg_uart0
                0x1001d868        0xc C:/MaximSDK/Libraries/PeriphDrivers/bin/MAX78000/spi-v1_softfp/libPeriphDriver_spi-v1_softfp.a(pins_ai85.o)
                0x1001d868                gpio_cfg_uart0
 .rodata.gpio_cfg_extclk
                0x1001d874        0xc C:/MaximSDK/Libraries/PeriphDrivers/bin/MAX78000/spi-v1_softfp/libPeriphDriver_spi-v1_softfp.a(pins_ai85.o)
                0x1001d874                gpio_cfg_extclk
 .rodata.MXC_DMA_RevA_Init.str1.4
                0x1001d880       0x49 C:/MaximSDK/Libraries/PeriphDrivers/bin/MAX78000/spi-v1_softfp/libPeriphDriver_spi-v1_softfp.a(dma_reva.o)
 .rodata.MXC_PT_Init.str1.4
                0x1001d880       0x49 C:/MaximSDK/Libraries/PeriphDrivers/bin/MAX78000/spi-v1_softfp/libPeriphDriver_spi-v1_softfp.a(pt_ai85.o)
 .rodata.MXC_PT_RevA_Config.str1.4
                0x1001d880       0x45 C:/MaximSDK/Libraries/PeriphDrivers/bin/MAX78000/spi-v1_softfp/libPeriphDriver_spi-v1_softfp.a(pt_reva.o)
 .rodata.MXC_TMR_Init.str1.4
                0x1001d880       0x48 C:/MaximSDK/Libraries/PeriphDrivers/bin/MAX78000/spi-v1_softfp/libPeriphDriver_spi-v1_softfp.a(tmr_ai85.o)
 .rodata.MXC_TMR_RevB_SetClockSourceFreq.str1.4
                0x1001d880       0x48 C:/MaximSDK/Libraries/PeriphDrivers/bin/MAX78000/spi-v1_softfp/libPeriphDriver_spi-v1_softfp.a(tmr_revb.o)
 .rodata.MXC_UART_RevB_Init.str1.4
                0x1001d880       0x6b C:/MaximSDK/Libraries/PeriphDrivers/bin/MAX78000/spi-v1_softfp/libPeriphDriver_spi-v1_softfp.a(uart_revb.o)
 .rodata.MXC_UART_RevB_SetClockSource.str1.4
                0x1001d880       0x27 C:/MaximSDK/Libraries/PeriphDrivers/bin/MAX78000/spi-v1_softfp/libPeriphDriver_spi-v1_softfp.a(uart_revb.o)
 .rodata.MXC_GPIO_Common_Handler.str1.4
                0x1001d880       0x5e C:/MaximSDK/Libraries/PeriphDrivers/bin/MAX78000/spi-v1_softfp/libPeriphDriver_spi-v1_softfp.a(gpio_common.o)
 .rodata._puts_r.str1.4
                0x1001d880        0x2 C:/Program Files (x86)/Arm GNU Toolchain arm-none-eabi/14.3 rel1/bin/../lib/gcc/arm-none-eabi/14.3.1/../../../../arm-none-eabi/lib/thumb/v7e-m+fp/softfp\libc.a(libc_a-puts.o)
 .rodata._svfprintf_r.str1.4
                0x1001d880       0x42 C:/Program Files (x86)/Arm GNU Toolchain arm-none-eabi/14.3 rel1/bin/../lib/gcc/arm-none-eabi/14.3.1/../../../../arm-none-eabi/lib/thumb/v7e-m+fp/softfp\libc.a(libc_a-svfprintf.o)
 .rodata.zeroes.0
                0x1001d880       0x10 C:/Program Files (x86)/Arm GNU Toolchain arm-none-eabi/14.3 rel1/bin/../lib/gcc/arm-none-eabi/14.3.1/../../../../arm-none-eabi/lib/thumb/v7e-m+fp/softfp\libc.a(libc_a-svfprintf.o)
 .rodata.blanks.1
                0x1001d890       0x10 C:/Program Files (x86)/Arm GNU Toolchain arm-none-eabi/14.3 rel1/bin/../lib/gcc/arm-none-eabi/14.3.1/../../../../arm-none-eabi/lib/thumb/v7e-m+fp/softfp\libc.a(libc_a-svfprintf.o)
 .rodata._vfprintf_r.str1.4
                0x1001d8a0       0x42 C:/Program Files (x86)/Arm GNU Toolchain arm-none-eabi/14.3 rel1/bin/../lib/gcc/arm-none-eabi/14.3.1/../../../../arm-none-eabi/lib/thumb/v7e-m+fp/softfp\libc.a(libc_a-vfprintf.o)
 .rodata.zeroes.0
                0x1001d8a0       0x10 C:/Program Files (x86)/Arm GNU Toolchain arm-none-eabi/14.3 rel1/bin/../lib/gcc/arm-none-eabi/14.3.1/../../../../arm-none-eabi/lib/thumb/v7e-m+fp/softfp\libc.a(libc_a-vfprintf.o)
 .rodata.blanks.1
                0x1001d8b0       0x10 C:/Program Files (x86)/Arm GNU Toolchain arm-none-eabi/14.3 rel1/bin/../lib/gcc/arm-none-eabi/14.3.1/../../../../arm-none-eabi/lib/thumb/v7e-m+fp/softfp\libc.a(libc_a-vfprintf.o)
 .rodata.str1.4
                0x1001d8c0       0x4c C:/Program Files (x86)/Arm GNU Toolchain arm-none-eabi/14.3 rel1/bin/../lib/gcc/arm-none-eabi/14.3.1/../../../../arm-none-eabi/lib/thumb/v7e-m+fp/softfp\libc.a(libc_a-locale.o)
 .rodata._dtoa_r.str1.4
                0x1001d8c0       0x83 C:/Program Files (x86)/Arm GNU Toolchain arm-none-eabi/14.3 rel1/bin/../lib/gcc/arm-none-eabi/14.3.1/../../../../arm-none-eabi/lib/thumb/v7e-m+fp/softfp\libc.a(libc_a-dtoa.o)
 .rodata.__multadd.str1.4
                0x1001d8c0       0x70 C:/Program Files (x86)/Arm GNU Toolchain arm-none-eabi/14.3 rel1/bin/../lib/gcc/arm-none-eabi/14.3.1/../../../../arm-none-eabi/lib/thumb/v7e-m+fp/softfp\libc.a(libc_a-mprec.o)
 .rodata.p05.0  0x1001d8c0        0xc C:/Program Files (x86)/Arm GNU Toolchain arm-none-eabi/14.3 rel1/bin/../lib/gcc/arm-none-eabi/14.3.1/../../../../arm-none-eabi/lib/thumb/v7e-m+fp/softfp\libc.a(libc_a-mprec.o)